Mplus VERSION 9
MUTHEN & MUTHEN
04/01/2026  11:07 AM

INPUT INSTRUCTIONS

  TITLE:
  3-Class
  DATA:
  FILE = "C:/Users/dnajiarch/Box/AERA 2026/aera2026-mixtures/enumeration/
  lsay.dat";
  VARIABLE:
  NAMES = CASENUM COHORT RSTEMM CB28A CB28B CB28C CB28E CB28G CB28H CB28I CB28K CB28L;
   MISSING=.;
   categorical = CB28A - CB28L;
  usevar = CB28A - CB28L;
  classes = c(3);
  ANALYSIS:
  estimator = mlr;
      type = mixture;
      starts = 500 100;
      processors = 10;
  OUTPUT:
  sampstat residual tech11 tech14;



*** WARNING in OUTPUT command
  SAMPSTAT option is not available when all outcomes are censored, ordered
  categorical, unordered categorical (nominal), count or continuous-time
  survival variables.  Request for SAMPSTAT is ignored.
*** WARNING
  Data set contains cases with missing on all variables.
  These cases were not included in the analysis.
  Number of cases with missing on all variables:  441
   2 WARNING(S) FOUND IN THE INPUT INSTRUCTIONS




3-Class

SUMMARY OF ANALYSIS

Number of groups                                                 1
Number of observations                                        2675

Number of dependent variables                                    9
Number of independent variables                                  0
Number of continuous latent variables                            0
Number of categorical latent variables                           1

Observed dependent variables

  Binary and ordered categorical (ordinal)
   CB28A       CB28B       CB28C       CB28E       CB28G       CB28H
   CB28I       CB28K       CB28L

Categorical latent variables
   C


Estimator                                                      MLR
Information matrix                                        OBSERVED
Optimization Specifications for the Quasi-Newton Algorithm for
Continuous Outcomes
  Maximum number of iterations                                 100
  Convergence criterion                                  0.100D-05
Optimization Specifications for the EM Algorithm
  Maximum number of iterations                                 500
  Convergence criteria
    Loglikelihood change                                 0.100D-06
    Relative loglikelihood change                        0.100D-06
    Derivative                                           0.100D-05
Optimization Specifications for the M step of the EM Algorithm for
Categorical Latent Variables
  Number of M step iterations                                    1
  M step convergence criterion                           0.100D-05
  Basis for M step termination                           ITERATION
Optimization Specifications for the M step of the EM Algorithm for
Censored, Binary or Ordered Categorical (Ordinal), Unordered
Categorical (Nominal) and Count Outcomes
  Number of M step iterations                                    1
  M step convergence criterion                           0.100D-05
  Basis for M step termination                           ITERATION
  Maximum value for logit thresholds                            15
  Minimum value for logit thresholds                           -15
  Minimum expected cell size for chi-square              0.100D-01
Maximum number of iterations for H1                           2000
Convergence criterion for H1                             0.100D-03
Optimization algorithm                                         EMA
Random Starts Specifications
  Number of initial stage random starts                        500
  Number of final stage optimizations                          100
  Number of initial stage iterations                            10
  Initial stage convergence criterion                    0.100D+01
  Random starts scale                                    0.500D+01
  Random seed for generating random starts                       0
Link                                                         LOGIT

Input data file(s)
  C:/Users/dnajiarch/Box/AERA 2026/aera2026-mixtures/enumeration/lsay.dat
Input data format  FREE


SUMMARY OF DATA

     Number of missing data patterns            30
     Number of y missing data patterns           0
     Number of u missing data patterns          30


COVARIANCE COVERAGE OF DATA

Minimum covariance coverage value   0.100


     PROPORTION OF DATA PRESENT FOR U


           Covariance Coverage
              CB28A         CB28B         CB28C         CB28E         CB28G
              ________      ________      ________      ________      ________
 CB28A          0.997
 CB28B          0.996         0.998
 CB28C          0.987         0.988         0.990
 CB28E          0.978         0.979         0.971         0.980
 CB28G          0.988         0.990         0.982         0.973         0.991
 CB28H          0.985         0.986         0.978         0.970         0.981
 CB28I          0.982         0.983         0.976         0.966         0.978
 CB28K          0.977         0.978         0.971         0.962         0.973
 CB28L          0.987         0.988         0.981         0.972         0.983


           Covariance Coverage
              CB28H         CB28I         CB28K         CB28L
              ________      ________      ________      ________
 CB28H          0.988
 CB28I          0.975         0.985
 CB28K          0.970         0.969         0.980
 CB28L          0.979         0.977         0.975         0.990


UNIVARIATE PROPORTIONS AND COUNTS FOR CATEGORICAL VARIABLES

    CB28A
      Category 1    0.331          884.000
      Category 2    0.669         1784.000
    CB28B
      Category 1    0.307          820.000
      Category 2    0.693         1850.000
    CB28C
      Category 1    0.237          628.000
      Category 2    0.763         2020.000
    CB28E
      Category 1    0.410         1076.000
      Category 2    0.590         1546.000
    CB28G
      Category 1    0.313          830.000
      Category 2    0.687         1821.000
    CB28H
      Category 1    0.305          807.000
      Category 2    0.695         1835.000
    CB28I
      Category 1    0.360          949.000
      Category 2    0.640         1686.000
    CB28K
      Category 1    0.257          674.000
      Category 2    0.743         1947.000
    CB28L
      Category 1    0.298          790.000
      Category 2    0.702         1858.000


RANDOM STARTS RESULTS RANKED FROM THE BEST TO THE WORST LOGLIKELIHOOD VALUES

Final stage loglikelihood values at local maxima, seeds, and initial stage start numbers:

          -12913.202  25127            107
          -12913.202  193569           440
          -12913.202  691234           250
          -12913.202  887580           493
          -12913.202  584397           428
          -12913.202  782200           84
          -12913.202  900268           327
          -12913.202  748692           204
          -12913.202  782821           272
          -12913.202  224950           455
          -12913.202  903420           5
          -12913.202  392407           221
          -12913.202  478421           311
          -12913.202  508482           446
          -12913.202  836066           372
          -12913.202  484406           421
          -12913.202  73576            213
          -12913.202  298275           418
          -12913.202  823392           479
          -12913.202  23012            352
          -12913.202  76337            76
          -12913.202  458181           189
          -12913.202  526324           178
          -12913.202  798821           423
          -12913.202  415502           194
          -12913.202  354395           486
          -12913.202  857799           315
          -12913.202  232226           235
          -12913.202  22362            365
          -12913.202  872743           374
          -12913.202  629320           222
          -12913.202  349562           359
          -12913.202  741888           138
          -12913.202  393232           152
          -12913.202  821011           161
          -12913.202  318230           46
          -12913.202  479273           156
          -12913.202  467339           66
          -12913.202  783110           72
          -12913.202  562716           300
          -12913.202  232559           136
          -12913.202  414284           158
          -12913.202  246261           38
          -12913.202  879338           309
          -12913.202  539751           459
          -12913.202  788796           145
          -12913.202  286735           175
          -12913.202  292884           103
          -12913.202  207896           25
          -12913.202  918558           412
          -12913.202  93468            3
          -12913.202  321390           133
          -12913.202  483369           270
          -12913.202  404426           344
          -12913.202  573096           20
          -12913.202  112586           494
          -12913.202  762461           425
          -12913.202  972873           157
          -12913.202  790452           303
          -12913.202  802779           122
          -12913.202  569833           85
          -12913.202  695155           150
          -12913.202  871851           257
          -12913.202  70118            104
          -12913.202  345726           461
          -12913.202  350608           334
          -12913.202  769907           457
          -12913.202  626087           314
          -12913.202  804561           59
          -12913.202  79945            395
          -12913.202  752769           253
          -12913.202  520177           262
          -12913.202  85462            51
          -12913.202  195353           225
          -12913.202  777045           377
          -12913.202  580405           286
          -12913.202  76974            16
          -12913.202  344422           296
          -12913.202  57226            208
          -12913.202  602797           336
          -12913.202  317640           437
          -12913.202  411615           171
          -12913.202  313407           132
          -12913.202  68850            462
          -12913.202  801717           364
          -12913.202  850545           357
          -12913.202  605358           321
          -12913.202  568859           49
          -12913.202  608496           4
          -12913.202  264935           281

10 perturbed starting value run(s) did not converge or were rejected in the third stage.



THE BEST LOGLIKELIHOOD VALUE HAS BEEN REPLICATED.  RERUN WITH AT LEAST TWICE THE
RANDOM STARTS TO CHECK THAT THE BEST LOGLIKELIHOOD IS STILL OBTAINED AND REPLICATED.


THE MODEL ESTIMATION TERMINATED NORMALLY



MODEL FIT INFORMATION

Number of Free Parameters                       29

Loglikelihood

          H0 Value                      -12913.202
          H0 Scaling Correction Factor      1.1230
            for MLR

Information Criteria

          Akaike (AIC)                   25884.404
          Bayesian (BIC)                 26055.263
          Sample-Size Adjusted BIC       25963.121
            (n* = (n + 2) / 24)

Chi-Square Test of Model Fit for the Binary and Ordered Categorical
(Ordinal) Outcomes**

          Pearson Chi-Square

          Value                           1856.416
          Degrees of Freedom                   474
          P-Value                           0.0000

          Likelihood Ratio Chi-Square

          Value                           1368.190
          Degrees of Freedom                   474
          P-Value                           0.0000

** Of the 4352 cells in the latent class indicator table, 8
   were deleted in the calculation of chi-square due to extreme values.

Chi-Square Test for MCAR under the Unrestricted Latent Class Indicator Model

          Pearson Chi-Square

          Value                           2426.155
          Degrees of Freedom                  3811
          P-Value                           1.0000

          Likelihood Ratio Chi-Square

          Value                            716.266
          Degrees of Freedom                  3811
          P-Value                           1.0000



FINAL CLASS COUNTS AND PROPORTIONS FOR THE LATENT CLASSES
BASED ON THE ESTIMATED MODEL

    Latent
   Classes

       1       1613.89547          0.60333
       2        456.89549          0.17080
       3        604.20903          0.22587


FINAL CLASS COUNTS AND PROPORTIONS FOR THE LATENT CLASSES
BASED ON ESTIMATED POSTERIOR PROBABILITIES

    Latent
   Classes

       1       1613.89547          0.60333
       2        456.89549          0.17080
       3        604.20903          0.22587


FINAL CLASS COUNTS AND PROPORTIONS FOR THE LATENT CLASSES
BASED ON THEIR MOST LIKELY LATENT CLASS MEMBERSHIP

Class Counts and Proportions

    Latent
   Classes

       1             1631          0.60972
       2              450          0.16822
       3              594          0.22206


CLASSIFICATION QUALITY

     Entropy                         0.785


Average Latent Class Probabilities for Most Likely Latent Class Membership (Row)
by Latent Class (Column)

           1        2        3

    1   0.941    0.032    0.027
    2   0.105    0.811    0.084
    3   0.054    0.066    0.880


Classification Probabilities for the Most Likely Latent Class Membership (Column)
by Latent Class (Row)

           1        2        3

    1   0.951    0.029    0.020
    2   0.115    0.799    0.086
    3   0.073    0.062    0.865


Logits for the Classification Probabilities for the Most Likely Latent Class Membership (Column)
by Latent Class (Row)

              1        2        3

    1      3.866    0.383    0.000
    2      0.291    2.230    0.000
    3     -2.478   -2.628    0.000


MODEL RESULTS

                                                    Two-Tailed
                    Estimate       S.E.  Est./S.E.    P-Value

Latent Class 1

 Thresholds
    CB28A$1           -2.152      0.111    -19.439      0.000
    CB28B$1           -2.566      0.160    -16.074      0.000
    CB28C$1           -2.836      0.157    -18.016      0.000
    CB28E$1           -1.041      0.083    -12.481      0.000
    CB28G$1           -1.452      0.089    -16.253      0.000
    CB28H$1           -1.738      0.098    -17.794      0.000
    CB28I$1           -1.357      0.077    -17.513      0.000
    CB28K$1           -2.166      0.109    -19.859      0.000
    CB28L$1           -1.895      0.106    -17.868      0.000

Latent Class 2

 Thresholds
    CB28A$1            1.041      0.242      4.311      0.000
    CB28B$1            1.477      0.315      4.681      0.000
    CB28C$1            0.277      0.159      1.742      0.082
    CB28E$1            1.016      0.185      5.495      0.000
    CB28G$1            0.244      0.159      1.539      0.124
    CB28H$1           -1.524      0.240     -6.358      0.000
    CB28I$1           -0.973      0.202     -4.816      0.000
    CB28K$1           -1.814      0.218     -8.315      0.000
    CB28L$1           -1.457      0.193     -7.567      0.000

Latent Class 3

 Thresholds
    CB28A$1            0.533      0.122      4.362      0.000
    CB28B$1            0.219      0.121      1.812      0.070
    CB28C$1           -0.112      0.114     -0.980      0.327
    CB28E$1            0.252      0.109      2.304      0.021
    CB28G$1           -0.173      0.108     -1.600      0.110
    CB28H$1            1.526      0.187      8.177      0.000
    CB28I$1            1.650      0.183      9.018      0.000
    CB28K$1            1.135      0.192      5.920      0.000
    CB28L$1            1.581      0.226      6.994      0.000

Categorical Latent Variables

 Means
    C#1                0.982      0.094     10.403      0.000
    C#2               -0.279      0.159     -1.755      0.079


QUALITY OF NUMERICAL RESULTS

     Condition Number for the Information Matrix              0.156E-01
       (ratio of smallest to largest eigenvalue)


LATENT CLASS INDICATOR MEANS AND PROBABILITIES FOR EACH LATENT CLASS

     MEAN/PROBABILITY PROFILES FOR C
                       Latent class
                     1      2      3
     CB28A
       Category 1  0.104  0.739  0.630
       Category 2  0.896  0.261  0.370
     CB28B
       Category 1  0.071  0.814  0.555
       Category 2  0.929  0.186  0.445
     CB28C
       Category 1  0.055  0.569  0.472
       Category 2  0.945  0.431  0.528
     CB28E
       Category 1  0.261  0.734  0.563
       Category 2  0.739  0.266  0.437
     CB28G
       Category 1  0.190  0.561  0.457
       Category 2  0.810  0.439  0.543
     CB28H
       Category 1  0.150  0.179  0.821
       Category 2  0.850  0.821  0.179
     CB28I
       Category 1  0.205  0.274  0.839
       Category 2  0.795  0.726  0.161
     CB28K
       Category 1  0.103  0.140  0.757
       Category 2  0.897  0.860  0.243
     CB28L
       Category 1  0.131  0.189  0.829
       Category 2  0.869  0.811  0.171


RESULTS IN PROBABILITY SCALE

                                                    Two-Tailed
                    Estimate       S.E.  Est./S.E.    P-Value

Latent Class 1

 CB28A
    Category 1         0.104      0.010     10.082      0.000
    Category 2         0.896      0.010     86.742      0.000
 CB28B
    Category 1         0.071      0.011      6.747      0.000
    Category 2         0.929      0.011     87.771      0.000
 CB28C
    Category 1         0.055      0.008      6.724      0.000
    Category 2         0.945      0.008    114.681      0.000
 CB28E
    Category 1         0.261      0.016     16.215      0.000
    Category 2         0.739      0.016     45.939      0.000
 CB28G
    Category 1         0.190      0.014     13.817      0.000
    Category 2         0.810      0.014     59.005      0.000
 CB28H
    Category 1         0.150      0.012     12.035      0.000
    Category 2         0.850      0.012     68.460      0.000
 CB28I
    Category 1         0.205      0.013     16.234      0.000
    Category 2         0.795      0.013     63.037      0.000
 CB28K
    Category 1         0.103      0.010     10.219      0.000
    Category 2         0.897      0.010     89.151      0.000
 CB28L
    Category 1         0.131      0.012     10.849      0.000
    Category 2         0.869      0.012     72.145      0.000

Latent Class 2

 CB28A
    Category 1         0.739      0.047     15.868      0.000
    Category 2         0.261      0.047      5.602      0.000
 CB28B
    Category 1         0.814      0.048     17.049      0.000
    Category 2         0.186      0.048      3.894      0.000
 CB28C
    Category 1         0.569      0.039     14.570      0.000
    Category 2         0.431      0.039     11.041      0.000
 CB28E
    Category 1         0.734      0.036     20.347      0.000
    Category 2         0.266      0.036      7.365      0.000
 CB28G
    Category 1         0.561      0.039     14.340      0.000
    Category 2         0.439      0.039     11.231      0.000
 CB28H
    Category 1         0.179      0.035      5.082      0.000
    Category 2         0.821      0.035     23.324      0.000
 CB28I
    Category 1         0.274      0.040      6.816      0.000
    Category 2         0.726      0.040     18.042      0.000
 CB28K
    Category 1         0.140      0.026      5.332      0.000
    Category 2         0.860      0.026     32.698      0.000
 CB28L
    Category 1         0.189      0.030      6.403      0.000
    Category 2         0.811      0.030     27.491      0.000

Latent Class 3

 CB28A
    Category 1         0.630      0.028     22.127      0.000
    Category 2         0.370      0.028     12.984      0.000
 CB28B
    Category 1         0.555      0.030     18.561      0.000
    Category 2         0.445      0.030     14.908      0.000
 CB28C
    Category 1         0.472      0.029     16.547      0.000
    Category 2         0.528      0.029     18.511      0.000
 CB28E
    Category 1         0.563      0.027     20.890      0.000
    Category 2         0.437      0.027     16.232      0.000
 CB28G
    Category 1         0.457      0.027     17.016      0.000
    Category 2         0.543      0.027     20.232      0.000
 CB28H
    Category 1         0.821      0.027     30.007      0.000
    Category 2         0.179      0.027      6.521      0.000
 CB28I
    Category 1         0.839      0.025     33.924      0.000
    Category 2         0.161      0.025      6.515      0.000
 CB28K
    Category 1         0.757      0.035     21.445      0.000
    Category 2         0.243      0.035      6.895      0.000
 CB28L
    Category 1         0.829      0.032     25.923      0.000
    Category 2         0.171      0.032      5.333      0.000


EQUALITY TESTS OF PROBABILITIES ACROSS THE LATENT CLASSES

                    Chi-Square     P-Value   Degrees of Freedom


CB28A
  Overall test        439.858      0.000        2
  Class 1 vs. 2       172.149      0.000        1
  Class 1 vs. 3       273.620      0.000        1
  Class 2 vs. 3         3.055      0.080        1

CB28B
  Overall test        330.013      0.000        2
  Class 1 vs. 2       166.820      0.000        1
  Class 1 vs. 3       189.800      0.000        1
  Class 2 vs. 3        12.299      0.000        1

CB28C
  Overall test        321.543      0.000        2
  Class 1 vs. 2       249.882      0.000        1
  Class 1 vs. 3       201.697      0.000        1
  Class 2 vs. 3         3.400      0.065        1

CB28E
  Overall test        151.637      0.000        2
  Class 1 vs. 2        90.388      0.000        1
  Class 1 vs. 3        88.594      0.000        1
  Class 2 vs. 3        10.610      0.001        1

CB28G
  Overall test        128.216      0.000        2
  Class 1 vs. 2        71.560      0.000        1
  Class 1 vs. 3        86.514      0.000        1
  Class 2 vs. 3         3.776      0.052        1

CB28H
  Overall test        304.561      0.000        2
  Class 1 vs. 2         0.733      0.392        1
  Class 1 vs. 3       293.756      0.000        1
  Class 2 vs. 3       121.490      0.000        1

CB28I
  Overall test        264.454      0.000        2
  Class 1 vs. 2         3.233      0.072        1
  Class 1 vs. 3       263.688      0.000        1
  Class 2 vs. 3       103.110      0.000        1

CB28K
  Overall test        289.988      0.000        2
  Class 1 vs. 2         2.136      0.144        1
  Class 1 vs. 3       281.475      0.000        1
  Class 2 vs. 3       119.608      0.000        1

CB28L
  Overall test        239.928      0.000        2
  Class 1 vs. 2         4.094      0.043        1
  Class 1 vs. 3       235.694      0.000        1
  Class 2 vs. 3       127.440      0.000        1


LATENT CLASS INDICATOR ODDS RATIOS FOR THE LATENT CLASSES

                                                95% C.I.
                    Estimate       S.E.  Lower 2.5% Upper 2.5%

Latent Class 1 Compared to Latent Class 2

 CB28A
    Category > 1      24.369      5.931     15.124     39.264
 CB28B
    Category > 1      56.963     17.828     30.845    105.198
 CB28C
    Category > 1      22.506      4.433     15.297     33.110
 CB28E
    Category > 1       7.827      1.694      5.121     11.963
 CB28G
    Category > 1       5.453      1.093      3.681      8.078
 CB28H
    Category > 1       1.239      0.311      0.758      2.026
 CB28I
    Category > 1       1.467      0.313      0.966      2.227
 CB28K
    Category > 1       1.423      0.343      0.887      2.283
 CB28L
    Category > 1       1.549      0.335      1.014      2.366

Latent Class 1 Compared to Latent Class 3

 CB28A
    Category > 1      14.662      2.380     10.666     20.154
 CB28B
    Category > 1      16.197      3.274     10.899     24.072
 CB28C
    Category > 1      15.246      2.924     10.468     22.204
 CB28E
    Category > 1       3.646      0.501      2.785      4.773
 CB28G
    Category > 1       3.592      0.494      2.743      4.702
 CB28H
    Category > 1      26.173      4.986     18.018     38.019
 CB28I
    Category > 1      20.221      3.744     14.066     29.067
 CB28K
    Category > 1      27.131      5.338     18.450     39.897
 CB28L
    Category > 1      32.324      7.318     20.740     50.378

Latent Class 2 Compared to Latent Class 3

 CB28A
    Category > 1       0.602      0.175      0.340      1.064
 CB28B
    Category > 1       0.284      0.102      0.141      0.574
 CB28C
    Category > 1       0.677      0.143      0.448      1.025
 CB28E
    Category > 1       0.466      0.109      0.294      0.738
 CB28G
    Category > 1       0.659      0.142      0.432      1.004
 CB28H
    Category > 1      21.118      5.844     12.277     36.324
 CB28I
    Category > 1      13.785      3.561      8.307     22.873
 CB28K
    Category > 1      19.071      5.141     11.244     32.347
 CB28L
    Category > 1      20.870      5.617     12.315     35.369


RESIDUAL OUTPUT


     RESIDUAL OUTPUT IS NOT AVAILABLE FOR THIS MODEL.  ADDITIONAL OUTPUT FOR
     CATEGORICAL, COUNT, AND NOMINAL VARIABLES MAY BE AVAILABLE USING TECH10.


TECHNICAL 11 OUTPUT

     Random Starts Specifications for the k-1 Class Analysis Model
        Number of initial stage random starts                 500
        Number of final stage optimizations                   100



     VUONG-LO-MENDELL-RUBIN LIKELIHOOD RATIO TEST FOR 2 (H0) VERSUS 3 CLASSES

          H0 Loglikelihood Value                       -13249.006
          2 Times the Loglikelihood Difference            671.608
          Difference in the Number of Parameters               10
          Mean                                             10.942
          Standard Deviation                               22.762
          P-Value                                          0.0000

     LO-MENDELL-RUBIN ADJUSTED LRT TEST

          Value                                           663.204
          P-Value                                          0.0000


TECHNICAL 14 OUTPUT

     Random Starts Specifications for the k-1 Class Analysis Model
        Number of initial stage random starts                 500
        Number of final stage optimizations                   100

     Random Starts Specification for the k-1 Class Model for Generated Data
        Number of initial stage random starts                   0
        Number of final stage optimizations for the
           initial stage random starts                          0
     Random Starts Specification for the k Class Model for Generated Data
        Number of initial stage random starts                  40
        Number of final stage optimizations                     8
     Number of bootstrap draws requested                   Varies


     PARAMETRIC BOOTSTRAPPED LIKELIHOOD RATIO TEST FOR 2 (H0) VERSUS 3 CLASSES

          H0 Loglikelihood Value                       -13249.006
          2 Times the Loglikelihood Difference            671.608
          Difference in the Number of Parameters               10
          Approximate P-Value                              0.0000
          Successful Bootstrap Draws                            5

     WARNING:  OF THE 5 BOOTSTRAP DRAWS, 5 DRAWS HAD BOTH A SMALLER LRT VALUE THAN THE
     OBSERVED LRT VALUE AND NOT A REPLICATED BEST LOGLIKELIHOOD VALUE FOR THE 3-CLASS MODEL.
     THIS MEANS THAT THE P-VALUE MAY NOT BE TRUSTWORTHY DUE TO LOCAL MAXIMA.
     INCREASE THE NUMBER OF RANDOM STARTS USING THE LRTSTARTS OPTION.



     Beginning Time:  11:07:35
        Ending Time:  11:07:55
       Elapsed Time:  00:00:20



MUTHEN & MUTHEN
3463 Stoner Ave.
Los Angeles, CA  90066

Tel: (310) 391-9971
Fax: (310) 391-8971
Web: www.StatModel.com
Support: Support@StatModel.com

Copyright (c) 1998-2025 Muthen & Muthen
