Mplus VERSION 9
MUTHEN & MUTHEN
04/01/2026  11:07 AM

INPUT INSTRUCTIONS

  TITLE:
  4-Class
  DATA:
  FILE = "C:/Users/dnajiarch/Box/AERA 2026/aera2026-mixtures/enumeration/
  lsay.dat";
  VARIABLE:
  NAMES = CASENUM COHORT RSTEMM CB28A CB28B CB28C CB28E CB28G CB28H CB28I CB28K CB28L;
   MISSING=.;
   categorical = CB28A - CB28L;
  usevar = CB28A - CB28L;
  classes = c(4);
  ANALYSIS:
  estimator = mlr;
      type = mixture;
      starts = 500 100;
      processors = 10;
  OUTPUT:
  sampstat residual tech11 tech14;



*** WARNING in OUTPUT command
  SAMPSTAT option is not available when all outcomes are censored, ordered
  categorical, unordered categorical (nominal), count or continuous-time
  survival variables.  Request for SAMPSTAT is ignored.
*** WARNING
  Data set contains cases with missing on all variables.
  These cases were not included in the analysis.
  Number of cases with missing on all variables:  441
   2 WARNING(S) FOUND IN THE INPUT INSTRUCTIONS




4-Class

SUMMARY OF ANALYSIS

Number of groups                                                 1
Number of observations                                        2675

Number of dependent variables                                    9
Number of independent variables                                  0
Number of continuous latent variables                            0
Number of categorical latent variables                           1

Observed dependent variables

  Binary and ordered categorical (ordinal)
   CB28A       CB28B       CB28C       CB28E       CB28G       CB28H
   CB28I       CB28K       CB28L

Categorical latent variables
   C


Estimator                                                      MLR
Information matrix                                        OBSERVED
Optimization Specifications for the Quasi-Newton Algorithm for
Continuous Outcomes
  Maximum number of iterations                                 100
  Convergence criterion                                  0.100D-05
Optimization Specifications for the EM Algorithm
  Maximum number of iterations                                 500
  Convergence criteria
    Loglikelihood change                                 0.100D-06
    Relative loglikelihood change                        0.100D-06
    Derivative                                           0.100D-05
Optimization Specifications for the M step of the EM Algorithm for
Categorical Latent Variables
  Number of M step iterations                                    1
  M step convergence criterion                           0.100D-05
  Basis for M step termination                           ITERATION
Optimization Specifications for the M step of the EM Algorithm for
Censored, Binary or Ordered Categorical (Ordinal), Unordered
Categorical (Nominal) and Count Outcomes
  Number of M step iterations                                    1
  M step convergence criterion                           0.100D-05
  Basis for M step termination                           ITERATION
  Maximum value for logit thresholds                            15
  Minimum value for logit thresholds                           -15
  Minimum expected cell size for chi-square              0.100D-01
Maximum number of iterations for H1                           2000
Convergence criterion for H1                             0.100D-03
Optimization algorithm                                         EMA
Random Starts Specifications
  Number of initial stage random starts                        500
  Number of final stage optimizations                          100
  Number of initial stage iterations                            10
  Initial stage convergence criterion                    0.100D+01
  Random starts scale                                    0.500D+01
  Random seed for generating random starts                       0
Link                                                         LOGIT

Input data file(s)
  C:/Users/dnajiarch/Box/AERA 2026/aera2026-mixtures/enumeration/lsay.dat
Input data format  FREE


SUMMARY OF DATA

     Number of missing data patterns            30
     Number of y missing data patterns           0
     Number of u missing data patterns          30


COVARIANCE COVERAGE OF DATA

Minimum covariance coverage value   0.100


     PROPORTION OF DATA PRESENT FOR U


           Covariance Coverage
              CB28A         CB28B         CB28C         CB28E         CB28G
              ________      ________      ________      ________      ________
 CB28A          0.997
 CB28B          0.996         0.998
 CB28C          0.987         0.988         0.990
 CB28E          0.978         0.979         0.971         0.980
 CB28G          0.988         0.990         0.982         0.973         0.991
 CB28H          0.985         0.986         0.978         0.970         0.981
 CB28I          0.982         0.983         0.976         0.966         0.978
 CB28K          0.977         0.978         0.971         0.962         0.973
 CB28L          0.987         0.988         0.981         0.972         0.983


           Covariance Coverage
              CB28H         CB28I         CB28K         CB28L
              ________      ________      ________      ________
 CB28H          0.988
 CB28I          0.975         0.985
 CB28K          0.970         0.969         0.980
 CB28L          0.979         0.977         0.975         0.990


UNIVARIATE PROPORTIONS AND COUNTS FOR CATEGORICAL VARIABLES

    CB28A
      Category 1    0.331          884.000
      Category 2    0.669         1784.000
    CB28B
      Category 1    0.307          820.000
      Category 2    0.693         1850.000
    CB28C
      Category 1    0.237          628.000
      Category 2    0.763         2020.000
    CB28E
      Category 1    0.410         1076.000
      Category 2    0.590         1546.000
    CB28G
      Category 1    0.313          830.000
      Category 2    0.687         1821.000
    CB28H
      Category 1    0.305          807.000
      Category 2    0.695         1835.000
    CB28I
      Category 1    0.360          949.000
      Category 2    0.640         1686.000
    CB28K
      Category 1    0.257          674.000
      Category 2    0.743         1947.000
    CB28L
      Category 1    0.298          790.000
      Category 2    0.702         1858.000


RANDOM STARTS RESULTS RANKED FROM THE BEST TO THE WORST LOGLIKELIHOOD VALUES

Final stage loglikelihood values at local maxima, seeds, and initial stage start numbers:

          -12706.569  402224           91
          -12706.569  375590           438
          -12706.569  950604           172
          -12706.569  609185           181
          -12706.569  193569           440
          -12706.569  888905           444
          -12706.569  862607           468
          -12706.569  784664           75
          -12706.569  152496           123
          -12706.569  741484           441
          -12706.569  93468            3
          -12706.569  848969           173
          -12706.569  512836           289
          -12706.569  499150           216
          -12706.569  582296           452
          -12706.569  216565           474
          -12706.569  903369           134
          -12706.569  285380           1
          -12706.569  534483           290
          -12706.569  567165           319
          -12706.569  576220           115
          -12706.569  967902           52
          -12706.569  232226           235
          -12706.569  404510           442
          -12706.569  252949           487
          -12706.569  502532           445
          -12706.569  220454           288
          -12706.569  373505           88
          -12706.569  190339           102
          -12706.569  751054           117
          -12706.569  608496           4
          -12706.569  631413           439
          -12706.569  695155           150
          -12706.569  798839           312
          -12706.569  318230           46
          -12706.569  416463           467
          -12706.569  27071            15
          -12706.569  926797           406
          -12706.569  15715            274
          -12706.569  443917           60
          -12706.569  414828           322
          -12706.569  425982           485
          -12706.569  366706           29
          -12706.569  264935           281
          -12706.569  887676           22
          -12706.569  563002           360
          -12706.569  520177           262
          -12706.569  319144           176
          -12745.394  153394           429

51 perturbed starting value run(s) did not converge or were rejected in the third stage.



THE BEST LOGLIKELIHOOD VALUE HAS BEEN REPLICATED.  RERUN WITH AT LEAST TWICE THE
RANDOM STARTS TO CHECK THAT THE BEST LOGLIKELIHOOD IS STILL OBTAINED AND REPLICATED.


THE MODEL ESTIMATION TERMINATED NORMALLY



MODEL FIT INFORMATION

Number of Free Parameters                       39

Loglikelihood

          H0 Value                      -12706.569
          H0 Scaling Correction Factor      1.1098
            for MLR

Information Criteria

          Akaike (AIC)                   25491.137
          Bayesian (BIC)                 25720.914
          Sample-Size Adjusted BIC       25596.999
            (n* = (n + 2) / 24)

Chi-Square Test of Model Fit for the Binary and Ordered Categorical
(Ordinal) Outcomes**

          Pearson Chi-Square

          Value                           1256.115
          Degrees of Freedom                   462
          P-Value                           0.0000

          Likelihood Ratio Chi-Square

          Value                           1124.260
          Degrees of Freedom                   462
          P-Value                           0.0000

** Of the 4352 cells in the latent class indicator table, 10
   were deleted in the calculation of chi-square due to extreme values.

Chi-Square Test for MCAR under the Unrestricted Latent Class Indicator Model

          Pearson Chi-Square

          Value                           2337.619
          Degrees of Freedom                  3811
          P-Value                           1.0000

          Likelihood Ratio Chi-Square

          Value                            701.230
          Degrees of Freedom                  3811
          P-Value                           1.0000



FINAL CLASS COUNTS AND PROPORTIONS FOR THE LATENT CLASSES
BASED ON THE ESTIMATED MODEL

    Latent
   Classes

       1        590.88143          0.22089
       2       1275.01981          0.47664
       3        525.82603          0.19657
       4        283.27273          0.10590


FINAL CLASS COUNTS AND PROPORTIONS FOR THE LATENT CLASSES
BASED ON ESTIMATED POSTERIOR PROBABILITIES

    Latent
   Classes

       1        590.88143          0.22089
       2       1275.01981          0.47664
       3        525.82603          0.19657
       4        283.27273          0.10590


FINAL CLASS COUNTS AND PROPORTIONS FOR THE LATENT CLASSES
BASED ON THEIR MOST LIKELY LATENT CLASS MEMBERSHIP

Class Counts and Proportions

    Latent
   Classes

       1              545          0.20374
       2             1319          0.49308
       3              529          0.19776
       4              282          0.10542


CLASSIFICATION QUALITY

     Entropy                         0.739


Average Latent Class Probabilities for Most Likely Latent Class Membership (Row)
by Latent Class (Column)

           1        2        3        4

    1   0.823    0.085    0.058    0.033
    2   0.065    0.900    0.035    0.000
    3   0.069    0.079    0.819    0.032
    4   0.068    0.000    0.052    0.880


Classification Probabilities for the Most Likely Latent Class Membership (Column)
by Latent Class (Row)

           1        2        3        4

    1   0.759    0.146    0.062    0.033
    2   0.036    0.931    0.033    0.000
    3   0.060    0.088    0.824    0.028
    4   0.064    0.000    0.059    0.876


Logits for the Classification Probabilities for the Most Likely Latent Class Membership (Column)
by Latent Class (Row)

              1        2        3        4

    1      3.149    1.499    0.643    0.000
    2      8.422   11.666    8.326    0.000
    3      0.780    1.153    3.395    0.000
    4     -2.611   -8.852   -2.692    0.000


MODEL RESULTS

                                                    Two-Tailed
                    Estimate       S.E.  Est./S.E.    P-Value

Latent Class 1

 Thresholds
    CB28A$1           -1.044      0.182     -5.736      0.000
    CB28B$1           -1.745      0.283     -6.175      0.000
    CB28C$1           -2.099      0.243     -8.635      0.000
    CB28E$1           -0.808      0.169     -4.784      0.000
    CB28G$1           -1.102      0.179     -6.170      0.000
    CB28H$1            0.560      0.174      3.219      0.001
    CB28I$1            0.520      0.147      3.538      0.000
    CB28K$1           -0.025      0.152     -0.162      0.872
    CB28L$1            0.469      0.170      2.767      0.006

Latent Class 2

 Thresholds
    CB28A$1           -2.349      0.135    -17.454      0.000
    CB28B$1           -2.716      0.182    -14.923      0.000
    CB28C$1           -2.976      0.183    -16.222      0.000
    CB28E$1           -1.044      0.092    -11.305      0.000
    CB28G$1           -1.472      0.101    -14.513      0.000
    CB28H$1           -2.669      0.212    -12.583      0.000
    CB28I$1           -1.871      0.126    -14.842      0.000
    CB28K$1           -2.930      0.200    -14.655      0.000
    CB28L$1           -3.011      0.259    -11.610      0.000

Latent Class 3

 Thresholds
    CB28A$1            0.909      0.217      4.190      0.000
    CB28B$1            1.319      0.289      4.568      0.000
    CB28C$1            0.211      0.144      1.466      0.143
    CB28E$1            0.929      0.158      5.871      0.000
    CB28G$1            0.175      0.142      1.239      0.216
    CB28H$1           -1.355      0.183     -7.391      0.000
    CB28I$1           -0.829      0.159     -5.209      0.000
    CB28K$1           -1.621      0.186     -8.707      0.000
    CB28L$1           -1.262      0.170     -7.412      0.000

Latent Class 4

 Thresholds
    CB28A$1            1.915      0.284      6.754      0.000
    CB28B$1            1.735      0.252      6.876      0.000
    CB28C$1            1.199      0.240      4.999      0.000
    CB28E$1            0.973      0.178      5.467      0.000
    CB28G$1            0.366      0.168      2.180      0.029
    CB28H$1            2.134      0.315      6.782      0.000
    CB28I$1            2.520      0.361      6.989      0.000
    CB28K$1            1.845      0.303      6.098      0.000
    CB28L$1            2.368      0.371      6.377      0.000

Categorical Latent Variables

 Means
    C#1                0.735      0.138      5.312      0.000
    C#2                1.504      0.122     12.358      0.000
    C#3                0.619      0.140      4.430      0.000


QUALITY OF NUMERICAL RESULTS

     Condition Number for the Information Matrix              0.828E-02
       (ratio of smallest to largest eigenvalue)


LATENT CLASS INDICATOR MEANS AND PROBABILITIES FOR EACH LATENT CLASS

     MEAN/PROBABILITY PROFILES FOR C
                       Latent class
                     1      2      3      4
     CB28A
       Category 1  0.260  0.087  0.713  0.872
       Category 2  0.740  0.913  0.287  0.128
     CB28B
       Category 1  0.149  0.062  0.789  0.850
       Category 2  0.851  0.938  0.211  0.150
     CB28C
       Category 1  0.109  0.049  0.553  0.768
       Category 2  0.891  0.951  0.447  0.232
     CB28E
       Category 1  0.308  0.260  0.717  0.726
       Category 2  0.692  0.740  0.283  0.274
     CB28G
       Category 1  0.249  0.187  0.544  0.590
       Category 2  0.751  0.813  0.456  0.410
     CB28H
       Category 1  0.636  0.065  0.205  0.894
       Category 2  0.364  0.935  0.795  0.106
     CB28I
       Category 1  0.627  0.133  0.304  0.926
       Category 2  0.373  0.867  0.696  0.074
     CB28K
       Category 1  0.494  0.051  0.165  0.864
       Category 2  0.506  0.949  0.835  0.136
     CB28L
       Category 1  0.615  0.047  0.221  0.914
       Category 2  0.385  0.953  0.779  0.086


RESULTS IN PROBABILITY SCALE

                                                    Two-Tailed
                    Estimate       S.E.  Est./S.E.    P-Value

Latent Class 1

 CB28A
    Category 1         0.260      0.035      7.432      0.000
    Category 2         0.740      0.035     21.103      0.000
 CB28B
    Category 1         0.149      0.036      4.156      0.000
    Category 2         0.851      0.036     23.805      0.000
 CB28C
    Category 1         0.109      0.024      4.619      0.000
    Category 2         0.891      0.024     37.674      0.000
 CB28E
    Category 1         0.308      0.036      8.558      0.000
    Category 2         0.692      0.036     19.202      0.000
 CB28G
    Category 1         0.249      0.033      7.458      0.000
    Category 2         0.751      0.033     22.453      0.000
 CB28H
    Category 1         0.636      0.040     15.818      0.000
    Category 2         0.364      0.040      9.039      0.000
 CB28I
    Category 1         0.627      0.034     18.253      0.000
    Category 2         0.373      0.034     10.853      0.000
 CB28K
    Category 1         0.494      0.038     13.013      0.000
    Category 2         0.506      0.038     13.337      0.000
 CB28L
    Category 1         0.615      0.040     15.318      0.000
    Category 2         0.385      0.040      9.578      0.000

Latent Class 2

 CB28A
    Category 1         0.087      0.011      8.139      0.000
    Category 2         0.913      0.011     85.278      0.000
 CB28B
    Category 1         0.062      0.011      5.858      0.000
    Category 2         0.938      0.011     88.559      0.000
 CB28C
    Category 1         0.049      0.008      5.729      0.000
    Category 2         0.951      0.008    112.320      0.000
 CB28E
    Category 1         0.260      0.018     14.650      0.000
    Category 2         0.740      0.018     41.593      0.000
 CB28G
    Category 1         0.187      0.015     12.117      0.000
    Category 2         0.813      0.015     52.829      0.000
 CB28H
    Category 1         0.065      0.013      5.041      0.000
    Category 2         0.935      0.013     72.737      0.000
 CB28I
    Category 1         0.133      0.015      9.154      0.000
    Category 2         0.867      0.015     59.452      0.000
 CB28K
    Category 1         0.051      0.010      5.268      0.000
    Category 2         0.949      0.010     98.693      0.000
 CB28L
    Category 1         0.047      0.012      4.045      0.000
    Category 2         0.953      0.012     82.172      0.000

Latent Class 3

 CB28A
    Category 1         0.713      0.044     16.051      0.000
    Category 2         0.287      0.044      6.470      0.000
 CB28B
    Category 1         0.789      0.048     16.414      0.000
    Category 2         0.211      0.048      4.390      0.000
 CB28C
    Category 1         0.553      0.036     15.521      0.000
    Category 2         0.447      0.036     12.567      0.000
 CB28E
    Category 1         0.717      0.032     22.318      0.000
    Category 2         0.283      0.032      8.810      0.000
 CB28G
    Category 1         0.544      0.035     15.476      0.000
    Category 2         0.456      0.035     12.986      0.000
 CB28H
    Category 1         0.205      0.030      6.863      0.000
    Category 2         0.795      0.030     26.599      0.000
 CB28I
    Category 1         0.304      0.034      9.023      0.000
    Category 2         0.696      0.034     20.677      0.000
 CB28K
    Category 1         0.165      0.026      6.435      0.000
    Category 2         0.835      0.026     32.540      0.000
 CB28L
    Category 1         0.221      0.029      7.534      0.000
    Category 2         0.779      0.029     26.619      0.000

Latent Class 4

 CB28A
    Category 1         0.872      0.032     27.463      0.000
    Category 2         0.128      0.032      4.046      0.000
 CB28B
    Category 1         0.850      0.032     26.433      0.000
    Category 2         0.150      0.032      4.661      0.000
 CB28C
    Category 1         0.768      0.043     17.998      0.000
    Category 2         0.232      0.043      5.426      0.000
 CB28E
    Category 1         0.726      0.035     20.483      0.000
    Category 2         0.274      0.035      7.739      0.000
 CB28G
    Category 1         0.590      0.041     14.549      0.000
    Category 2         0.410      0.041     10.090      0.000
 CB28H
    Category 1         0.894      0.030     30.034      0.000
    Category 2         0.106      0.030      3.553      0.000
 CB28I
    Category 1         0.926      0.025     37.243      0.000
    Category 2         0.074      0.025      2.997      0.003
 CB28K
    Category 1         0.864      0.036     24.218      0.000
    Category 2         0.136      0.036      3.827      0.000
 CB28L
    Category 1         0.914      0.029     31.451      0.000
    Category 2         0.086      0.029      2.945      0.003


EQUALITY TESTS OF PROBABILITIES ACROSS THE LATENT CLASSES

                    Chi-Square     P-Value   Degrees of Freedom


CB28A
  Overall test        342.403      0.000        3
  Class 1 vs. 2        31.877      0.000        1
  Class 1 vs. 3        48.147      0.000        1
  Class 1 vs. 4        79.849      0.000        1
  Class 2 vs. 3       194.698      0.000        1
  Class 2 vs. 4       200.408      0.000        1
  Class 3 vs. 4         8.212      0.004        1

CB28B
  Overall test        331.914      0.000        3
  Class 1 vs. 2         8.439      0.004        1
  Class 1 vs. 3        59.524      0.000        1
  Class 1 vs. 4        95.509      0.000        1
  Class 2 vs. 3       179.031      0.000        1
  Class 2 vs. 4       215.881      0.000        1
  Class 3 vs. 4         1.285      0.257        1

CB28C
  Overall test        349.457      0.000        3
  Class 1 vs. 2         8.754      0.003        1
  Class 1 vs. 3        82.129      0.000        1
  Class 1 vs. 4       106.264      0.000        1
  Class 2 vs. 3       221.789      0.000        1
  Class 2 vs. 4       205.911      0.000        1
  Class 3 vs. 4        13.923      0.000        1

CB28E
  Overall test        166.752      0.000        3
  Class 1 vs. 2         1.470      0.225        1
  Class 1 vs. 3        51.259      0.000        1
  Class 1 vs. 4        47.469      0.000        1
  Class 2 vs. 3       103.660      0.000        1
  Class 2 vs. 4       106.300      0.000        1
  Class 3 vs. 4         0.035      0.851        1

CB28G
  Overall test        133.022      0.000        3
  Class 1 vs. 2         3.082      0.079        1
  Class 1 vs. 3        25.750      0.000        1
  Class 1 vs. 4        30.682      0.000        1
  Class 2 vs. 3        76.653      0.000        1
  Class 2 vs. 4        97.281      0.000        1
  Class 3 vs. 4         0.754      0.385        1

CB28H
  Overall test        287.396      0.000        3
  Class 1 vs. 2       172.695      0.000        1
  Class 1 vs. 3        61.715      0.000        1
  Class 1 vs. 4        20.256      0.000        1
  Class 2 vs. 3        22.505      0.000        1
  Class 2 vs. 4       176.866      0.000        1
  Class 3 vs. 4        98.698      0.000        1

CB28I
  Overall test        274.162      0.000        3
  Class 1 vs. 2       177.487      0.000        1
  Class 1 vs. 3        37.925      0.000        1
  Class 1 vs. 4        27.097      0.000        1
  Class 2 vs. 3        26.980      0.000        1
  Class 2 vs. 4       140.191      0.000        1
  Class 3 vs. 4        78.316      0.000        1

CB28K
  Overall test        274.326      0.000        3
  Class 1 vs. 2       163.073      0.000        1
  Class 1 vs. 3        45.276      0.000        1
  Class 1 vs. 4        32.567      0.000        1
  Class 2 vs. 3        23.690      0.000        1
  Class 2 vs. 4       187.812      0.000        1
  Class 3 vs. 4       103.901      0.000        1

CB28L
  Overall test        258.757      0.000        3
  Class 1 vs. 2       162.124      0.000        1
  Class 1 vs. 3        55.456      0.000        1
  Class 1 vs. 4        22.081      0.000        1
  Class 2 vs. 3        33.601      0.000        1
  Class 2 vs. 4       148.759      0.000        1
  Class 3 vs. 4        87.758      0.000        1


LATENT CLASS INDICATOR ODDS RATIOS FOR THE LATENT CLASSES

                                                95% C.I.
                    Estimate       S.E.  Lower 2.5% Upper 2.5%

Latent Class 1 Compared to Latent Class 2

 CB28A
    Category > 1       0.271      0.063      0.172      0.426
 CB28B
    Category > 1       0.379      0.127      0.197      0.729
 CB28C
    Category > 1       0.416      0.123      0.233      0.744
 CB28E
    Category > 1       0.790      0.153      0.540      1.156
 CB28G
    Category > 1       0.691      0.146      0.457      1.044
 CB28H
    Category > 1       0.040      0.010      0.024      0.064
 CB28I
    Category > 1       0.092      0.016      0.064      0.130
 CB28K
    Category > 1       0.055      0.012      0.035      0.085
 CB28L
    Category > 1       0.031      0.008      0.018      0.053

Latent Class 1 Compared to Latent Class 3

 CB28A
    Category > 1       7.044      1.982      4.058     12.226
 CB28B
    Category > 1      21.419      8.507      9.834     46.653
 CB28C
    Category > 1      10.074      2.568      6.113     16.603
 CB28E
    Category > 1       5.684      1.380      3.532      9.146
 CB28G
    Category > 1       3.588      0.903      2.191      5.877
 CB28H
    Category > 1       0.147      0.036      0.091      0.238
 CB28I
    Category > 1       0.259      0.057      0.169      0.399
 CB28K
    Category > 1       0.203      0.048      0.127      0.323
 CB28L
    Category > 1       0.177      0.041      0.112      0.279

Latent Class 1 Compared to Latent Class 4

 CB28A
    Category > 1      19.274      6.382     10.072     36.883
 CB28B
    Category > 1      32.486     11.570     16.163     65.293
 CB28C
    Category > 1      27.057      8.656     14.453     50.652
 CB28E
    Category > 1       5.939      1.536      3.578      9.858
 CB28G
    Category > 1       4.341      1.151      2.582      7.298
 CB28H
    Category > 1       4.830      1.690      2.433      9.591
 CB28I
    Category > 1       7.390      2.839      3.480     15.693
 CB28K
    Category > 1       6.485      2.124      3.412     12.324
 CB28L
    Category > 1       6.679      2.699      3.025     14.747

Latent Class 2 Compared to Latent Class 3

 CB28A
    Category > 1      25.993      6.069     16.448     41.078
 CB28B
    Category > 1      56.527     17.045     31.302    102.078
 CB28C
    Category > 1      24.212      5.181     15.918     36.829
 CB28E
    Category > 1       7.192      1.394      4.919     10.516
 CB28G
    Category > 1       5.196      0.978      3.593      7.514
 CB28H
    Category > 1       3.723      1.032      2.163      6.409
 CB28I
    Category > 1       2.834      0.568      1.913      4.199
 CB28K
    Category > 1       3.705      0.997      2.187      6.279
 CB28L
    Category > 1       5.750      1.735      3.183     10.387

Latent Class 2 Compared to Latent Class 4

 CB28A
    Category > 1      71.126     21.426     39.410    128.364
 CB28B
    Category > 1      85.733     25.973     47.344    155.247
 CB28C
    Category > 1      65.026     18.918     36.766    115.011
 CB28E
    Category > 1       7.515      1.470      5.122     11.026
 CB28G
    Category > 1       6.286      1.172      4.362      9.058
 CB28H
    Category > 1     121.967     44.056     60.086    247.577
 CB28I
    Category > 1      80.715     29.933     39.020    166.966
 CB28K
    Category > 1     118.553     41.310     59.883    234.706
 CB28L
    Category > 1     216.966     95.700     91.398    515.048

Latent Class 3 Compared to Latent Class 4

 CB28A
    Category > 1       2.736      0.961      1.375      5.447
 CB28B
    Category > 1       1.517      0.557      0.738      3.117
 CB28C
    Category > 1       2.686      0.711      1.598      4.513
 CB28E
    Category > 1       1.045      0.245      0.660      1.653
 CB28G
    Category > 1       1.210      0.265      0.787      1.860
 CB28H
    Category > 1      32.759     11.505     16.458     65.205
 CB28I
    Category > 1      28.478     10.778     13.564     59.794
 CB28K
    Category > 1      31.997     10.879     16.432     62.304
 CB28L
    Category > 1      37.736     14.625     17.655     80.658


RESIDUAL OUTPUT


     RESIDUAL OUTPUT IS NOT AVAILABLE FOR THIS MODEL.  ADDITIONAL OUTPUT FOR
     CATEGORICAL, COUNT, AND NOMINAL VARIABLES MAY BE AVAILABLE USING TECH10.


TECHNICAL 11 OUTPUT

     Random Starts Specifications for the k-1 Class Analysis Model
        Number of initial stage random starts                 500
        Number of final stage optimizations                   100



     VUONG-LO-MENDELL-RUBIN LIKELIHOOD RATIO TEST FOR 3 (H0) VERSUS 4 CLASSES

          H0 Loglikelihood Value                       -12913.202
          2 Times the Loglikelihood Difference            413.267
          Difference in the Number of Parameters               10
          Mean                                             10.897
          Standard Deviation                               18.978
          P-Value                                          0.0000

     LO-MENDELL-RUBIN ADJUSTED LRT TEST

          Value                                           408.095
          P-Value                                          0.0000


TECHNICAL 14 OUTPUT

     Random Starts Specifications for the k-1 Class Analysis Model
        Number of initial stage random starts                 500
        Number of final stage optimizations                   100

     Random Starts Specification for the k-1 Class Model for Generated Data
        Number of initial stage random starts                   0
        Number of final stage optimizations for the
           initial stage random starts                          0
     Random Starts Specification for the k Class Model for Generated Data
        Number of initial stage random starts                  40
        Number of final stage optimizations                     8
     Number of bootstrap draws requested                   Varies


     PARAMETRIC BOOTSTRAPPED LIKELIHOOD RATIO TEST FOR 3 (H0) VERSUS 4 CLASSES

          H0 Loglikelihood Value                       -12913.202
          2 Times the Loglikelihood Difference            413.267
          Difference in the Number of Parameters               10
          Approximate P-Value                              0.0000
          Successful Bootstrap Draws                            5

     WARNING:  OF THE 5 BOOTSTRAP DRAWS, 4 DRAWS HAD BOTH A SMALLER LRT VALUE THAN THE
     OBSERVED LRT VALUE AND NOT A REPLICATED BEST LOGLIKELIHOOD VALUE FOR THE 4-CLASS MODEL.
     THIS MEANS THAT THE P-VALUE MAY NOT BE TRUSTWORTHY DUE TO LOCAL MAXIMA.
     INCREASE THE NUMBER OF RANDOM STARTS USING THE LRTSTARTS OPTION.



     Beginning Time:  11:07:58
        Ending Time:  11:08:20
       Elapsed Time:  00:00:22



MUTHEN & MUTHEN
3463 Stoner Ave.
Los Angeles, CA  90066

Tel: (310) 391-9971
Fax: (310) 391-8971
Web: www.StatModel.com
Support: Support@StatModel.com

Copyright (c) 1998-2025 Muthen & Muthen
