Mplus VERSION 9
MUTHEN & MUTHEN
04/01/2026  11:08 AM

INPUT INSTRUCTIONS

  TITLE:
  6-Class
  DATA:
  FILE = "C:/Users/dnajiarch/Box/AERA 2026/aera2026-mixtures/enumeration/
  lsay.dat";
  VARIABLE:
  NAMES = CASENUM COHORT RSTEMM CB28A CB28B CB28C CB28E CB28G CB28H CB28I CB28K CB28L;
   MISSING=.;
   categorical = CB28A - CB28L;
  usevar = CB28A - CB28L;
  classes = c(6);
  ANALYSIS:
  estimator = mlr;
      type = mixture;
      starts = 500 100;
      processors = 10;
  OUTPUT:
  sampstat residual tech11 tech14;



*** WARNING in OUTPUT command
  SAMPSTAT option is not available when all outcomes are censored, ordered
  categorical, unordered categorical (nominal), count or continuous-time
  survival variables.  Request for SAMPSTAT is ignored.
*** WARNING
  Data set contains cases with missing on all variables.
  These cases were not included in the analysis.
  Number of cases with missing on all variables:  441
   2 WARNING(S) FOUND IN THE INPUT INSTRUCTIONS




6-Class

SUMMARY OF ANALYSIS

Number of groups                                                 1
Number of observations                                        2675

Number of dependent variables                                    9
Number of independent variables                                  0
Number of continuous latent variables                            0
Number of categorical latent variables                           1

Observed dependent variables

  Binary and ordered categorical (ordinal)
   CB28A       CB28B       CB28C       CB28E       CB28G       CB28H
   CB28I       CB28K       CB28L

Categorical latent variables
   C


Estimator                                                      MLR
Information matrix                                        OBSERVED
Optimization Specifications for the Quasi-Newton Algorithm for
Continuous Outcomes
  Maximum number of iterations                                 100
  Convergence criterion                                  0.100D-05
Optimization Specifications for the EM Algorithm
  Maximum number of iterations                                 500
  Convergence criteria
    Loglikelihood change                                 0.100D-06
    Relative loglikelihood change                        0.100D-06
    Derivative                                           0.100D-05
Optimization Specifications for the M step of the EM Algorithm for
Categorical Latent Variables
  Number of M step iterations                                    1
  M step convergence criterion                           0.100D-05
  Basis for M step termination                           ITERATION
Optimization Specifications for the M step of the EM Algorithm for
Censored, Binary or Ordered Categorical (Ordinal), Unordered
Categorical (Nominal) and Count Outcomes
  Number of M step iterations                                    1
  M step convergence criterion                           0.100D-05
  Basis for M step termination                           ITERATION
  Maximum value for logit thresholds                            15
  Minimum value for logit thresholds                           -15
  Minimum expected cell size for chi-square              0.100D-01
Maximum number of iterations for H1                           2000
Convergence criterion for H1                             0.100D-03
Optimization algorithm                                         EMA
Random Starts Specifications
  Number of initial stage random starts                        500
  Number of final stage optimizations                          100
  Number of initial stage iterations                            10
  Initial stage convergence criterion                    0.100D+01
  Random starts scale                                    0.500D+01
  Random seed for generating random starts                       0
Link                                                         LOGIT

Input data file(s)
  C:/Users/dnajiarch/Box/AERA 2026/aera2026-mixtures/enumeration/lsay.dat
Input data format  FREE


SUMMARY OF DATA

     Number of missing data patterns            30
     Number of y missing data patterns           0
     Number of u missing data patterns          30


COVARIANCE COVERAGE OF DATA

Minimum covariance coverage value   0.100


     PROPORTION OF DATA PRESENT FOR U


           Covariance Coverage
              CB28A         CB28B         CB28C         CB28E         CB28G
              ________      ________      ________      ________      ________
 CB28A          0.997
 CB28B          0.996         0.998
 CB28C          0.987         0.988         0.990
 CB28E          0.978         0.979         0.971         0.980
 CB28G          0.988         0.990         0.982         0.973         0.991
 CB28H          0.985         0.986         0.978         0.970         0.981
 CB28I          0.982         0.983         0.976         0.966         0.978
 CB28K          0.977         0.978         0.971         0.962         0.973
 CB28L          0.987         0.988         0.981         0.972         0.983


           Covariance Coverage
              CB28H         CB28I         CB28K         CB28L
              ________      ________      ________      ________
 CB28H          0.988
 CB28I          0.975         0.985
 CB28K          0.970         0.969         0.980
 CB28L          0.979         0.977         0.975         0.990


UNIVARIATE PROPORTIONS AND COUNTS FOR CATEGORICAL VARIABLES

    CB28A
      Category 1    0.331          884.000
      Category 2    0.669         1784.000
    CB28B
      Category 1    0.307          820.000
      Category 2    0.693         1850.000
    CB28C
      Category 1    0.237          628.000
      Category 2    0.763         2020.000
    CB28E
      Category 1    0.410         1076.000
      Category 2    0.590         1546.000
    CB28G
      Category 1    0.313          830.000
      Category 2    0.687         1821.000
    CB28H
      Category 1    0.305          807.000
      Category 2    0.695         1835.000
    CB28I
      Category 1    0.360          949.000
      Category 2    0.640         1686.000
    CB28K
      Category 1    0.257          674.000
      Category 2    0.743         1947.000
    CB28L
      Category 1    0.298          790.000
      Category 2    0.702         1858.000


RANDOM STARTS RESULTS RANKED FROM THE BEST TO THE WORST LOGLIKELIHOOD VALUES

Final stage loglikelihood values at local maxima, seeds, and initial stage start numbers:

          -12495.201  395754           388
          -12495.201  782821           272
          -12495.201  414284           158
          -12495.201  851945           18
          -12495.201  259507           53
          -12495.201  856536           144
          -12495.201  188640           451
          -12495.201  996231           310
          -12495.201  636396           168
          -12495.201  667250           318
          -12495.201  618000           190
          -12495.201  741888           138
          -12495.201  1548             384
          -12495.201  350608           334
          -12495.201  605358           321
          -12495.201  476498           179
          -12497.160  674171           195
          -12497.160  804561           59
          -12497.160  840078           203
          -12497.160  802682           419
          -12497.160  92689            304
          -12497.160  76974            16
          -12497.160  484501           163
          -12497.160  576726           280
          -12497.160  648555           113
          -12497.160  471438           252
          -12497.160  879338           309
          -12497.160  319144           176
          -12497.160  576596           99
          -12497.850  195353           225
          -12497.850  217744           326
          -12497.850  268217           83
          -12497.850  316165           299
          -12497.942  971693           470
          -12509.029  915107           54
          -12509.029  686482           215
          -12509.029  207896           25
          -12509.029  349263           263
          -12509.029  375590           438
          -12509.029  715561           125
          -12509.029  652266           490
          -12509.029  68850            462
          -12509.029  871722           355
          -12509.029  918558           412
          -12509.029  369602           146
          -12509.029  840031           276
          -12509.029  746978           410
          -12509.029  791396           243
          -12509.029  872743           374
          -12509.029  714455           476
          -12509.029  371246           101
          -12523.016  694303           282
          -12523.016  891531           206
          -12523.016  311214           64

46 perturbed starting value run(s) did not converge or were rejected in the third stage.



THE BEST LOGLIKELIHOOD VALUE HAS BEEN REPLICATED.  RERUN WITH AT LEAST TWICE THE
RANDOM STARTS TO CHECK THAT THE BEST LOGLIKELIHOOD IS STILL OBTAINED AND REPLICATED.

     IN THE OPTIMIZATION, ONE OR MORE LOGIT THRESHOLDS APPROACHED EXTREME VALUES
     OF -15.000 AND 15.000 AND WERE FIXED TO STABILIZE MODEL ESTIMATION.  THESE
     VALUES IMPLY PROBABILITIES OF 0 AND 1.  IN THE MODEL RESULTS SECTION, THESE
     PARAMETERS HAVE 0 STANDARD ERRORS AND 999 IN THE Z-SCORE AND P-VALUE COLUMNS.




THE MODEL ESTIMATION TERMINATED NORMALLY



MODEL FIT INFORMATION

Number of Free Parameters                       59

Loglikelihood

          H0 Value                      -12495.201
          H0 Scaling Correction Factor      1.1650
            for MLR

Information Criteria

          Akaike (AIC)                   25108.402
          Bayesian (BIC)                 25456.012
          Sample-Size Adjusted BIC       25268.551
            (n* = (n + 2) / 24)

Chi-Square Test of Model Fit for the Binary and Ordered Categorical
(Ordinal) Outcomes**

          Pearson Chi-Square

          Value                            834.735
          Degrees of Freedom                   441
          P-Value                           0.0000

          Likelihood Ratio Chi-Square

          Value                            749.613
          Degrees of Freedom                   441
          P-Value                           0.0000

** Of the 4352 cells in the latent class indicator table, 11
   were deleted in the calculation of chi-square due to extreme values.

Chi-Square Test for MCAR under the Unrestricted Latent Class Indicator Model

          Pearson Chi-Square

          Value                           2237.440
          Degrees of Freedom                  3811
          P-Value                           1.0000

          Likelihood Ratio Chi-Square

          Value                            691.952
          Degrees of Freedom                  3811
          P-Value                           1.0000



FINAL CLASS COUNTS AND PROPORTIONS FOR THE LATENT CLASSES
BASED ON THE ESTIMATED MODEL

    Latent
   Classes

       1        428.91162          0.16034
       2       1055.29238          0.39450
       3        309.07599          0.11554
       4        182.04030          0.06805
       5        140.33086          0.05246
       6        559.34886          0.20910


FINAL CLASS COUNTS AND PROPORTIONS FOR THE LATENT CLASSES
BASED ON ESTIMATED POSTERIOR PROBABILITIES

    Latent
   Classes

       1        428.91162          0.16034
       2       1055.29238          0.39450
       3        309.07599          0.11554
       4        182.04030          0.06805
       5        140.33086          0.05246
       6        559.34886          0.20910


FINAL CLASS COUNTS AND PROPORTIONS FOR THE LATENT CLASSES
BASED ON THEIR MOST LIKELY LATENT CLASS MEMBERSHIP

Class Counts and Proportions

    Latent
   Classes

       1              438          0.16374
       2             1127          0.42131
       3              271          0.10131
       4              178          0.06654
       5              130          0.04860
       6              531          0.19850


CLASSIFICATION QUALITY

     Entropy                         0.768


Average Latent Class Probabilities for Most Likely Latent Class Membership (Row)
by Latent Class (Column)

           1        2        3        4        5        6

    1   0.812    0.050    0.026    0.026    0.033    0.053
    2   0.017    0.869    0.047    0.000    0.000    0.066
    3   0.070    0.039    0.829    0.002    0.000    0.060
    4   0.038    0.000    0.003    0.905    0.001    0.052
    5   0.060    0.001    0.000    0.000    0.858    0.081
    6   0.040    0.081    0.035    0.016    0.027    0.801


Classification Probabilities for the Most Likely Latent Class Membership (Column)
by Latent Class (Row)

           1        2        3        4        5        6

    1   0.829    0.044    0.044    0.016    0.018    0.049
    2   0.021    0.928    0.010    0.000    0.000    0.041
    3   0.037    0.173    0.727    0.002    0.000    0.061
    4   0.064    0.000    0.004    0.885    0.000    0.048
    5   0.102    0.001    0.000    0.002    0.795    0.100
    6   0.041    0.134    0.029    0.017    0.019    0.760


Logits for the Classification Probabilities for the Most Likely Latent Class Membership (Column)
by Latent Class (Row)

              1        2        3        4        5        6

    1      2.827   -0.109   -0.111   -1.130   -1.001    0.000
    2     -0.685    3.123   -1.417   -9.637   -5.529    0.000
    3     -0.483    1.048    2.484   -3.439   -8.190    0.000
    4      0.282   -7.537   -2.602    2.913  -10.780    0.000
    5      0.019   -5.165  -10.314   -4.139    2.069    0.000
    6     -2.910   -1.738   -3.260   -3.821   -3.700    0.000


MODEL RESULTS

                                                    Two-Tailed
                    Estimate       S.E.  Est./S.E.    P-Value

Latent Class 1

 Thresholds
    CB28A$1            1.424      0.267      5.331      0.000
    CB28B$1            1.873      0.447      4.191      0.000
    CB28C$1            0.395      0.172      2.301      0.021
    CB28E$1            0.860      0.216      3.985      0.000
    CB28G$1            0.039      0.188      0.210      0.834
    CB28H$1           -1.365      0.219     -6.230      0.000
    CB28I$1           -0.809      0.194     -4.174      0.000
    CB28K$1           -1.692      0.208     -8.137      0.000
    CB28L$1           -1.234      0.186     -6.626      0.000

Latent Class 2

 Thresholds
    CB28A$1           -2.150      0.197    -10.918      0.000
    CB28B$1           -2.560      0.229    -11.186      0.000
    CB28C$1           -2.987      0.196    -15.245      0.000
    CB28E$1           -1.853      0.604     -3.068      0.002
    CB28G$1           -3.246      2.914     -1.114      0.265
    CB28H$1           -2.715      0.279     -9.730      0.000
    CB28I$1           -1.800      0.151    -11.928      0.000
    CB28K$1           -2.976      0.262    -11.375      0.000
    CB28L$1           -3.043      0.385     -7.901      0.000

Latent Class 3

 Thresholds
    CB28A$1           -2.547      1.094     -2.329      0.020
    CB28B$1           -1.971      0.574     -3.436      0.001
    CB28C$1           -2.119      0.395     -5.368      0.000
    CB28E$1            1.895      3.121      0.607      0.544
    CB28G$1            1.938      2.834      0.684      0.494
    CB28H$1           -2.052      0.345     -5.954      0.000
    CB28I$1           -1.793      0.325     -5.514      0.000
    CB28K$1           -2.341      0.391     -5.988      0.000
    CB28L$1           -2.371      0.512     -4.634      0.000

Latent Class 4

 Thresholds
    CB28A$1            1.196      0.338      3.538      0.000
    CB28B$1            1.446      0.375      3.859      0.000
    CB28C$1            1.331      0.383      3.475      0.001
    CB28E$1            2.403      0.318      7.546      0.000
    CB28G$1           15.000      0.000    999.000    999.000
    CB28H$1            1.786      0.304      5.870      0.000
    CB28I$1            2.392      0.410      5.830      0.000
    CB28K$1            2.031      0.368      5.515      0.000
    CB28L$1            2.256      0.387      5.822      0.000

Latent Class 5

 Thresholds
    CB28A$1            3.989      2.083      1.915      0.056
    CB28B$1            1.696      0.411      4.123      0.000
    CB28C$1            0.313      0.307      1.019      0.308
    CB28E$1           -0.401      0.213     -1.884      0.060
    CB28G$1          -15.000      0.000    999.000    999.000
    CB28H$1            2.143      0.754      2.841      0.004
    CB28I$1            2.285      0.559      4.089      0.000
    CB28K$1            1.213      0.535      2.270      0.023
    CB28L$1            1.800      0.603      2.986      0.003

Latent Class 6

 Thresholds
    CB28A$1           -1.185      0.191     -6.209      0.000
    CB28B$1           -1.921      0.280     -6.856      0.000
    CB28C$1           -1.965      0.225     -8.738      0.000
    CB28E$1           -0.892      0.240     -3.725      0.000
    CB28G$1           -1.199      0.288     -4.166      0.000
    CB28H$1            0.514      0.203      2.537      0.011
    CB28I$1            0.455      0.164      2.775      0.006
    CB28K$1           -0.046      0.181     -0.254      0.799
    CB28L$1            0.453      0.199      2.280      0.023

Categorical Latent Variables

 Means
    C#1               -0.266      0.194     -1.369      0.171
    C#2                0.635      0.145      4.388      0.000
    C#3               -0.593      0.336     -1.767      0.077
    C#4               -1.123      0.166     -6.761      0.000
    C#5               -1.383      0.268     -5.163      0.000


QUALITY OF NUMERICAL RESULTS

     Condition Number for the Information Matrix              0.326E-03
       (ratio of smallest to largest eigenvalue)


LATENT CLASS INDICATOR MEANS AND PROBABILITIES FOR EACH LATENT CLASS

     MEAN/PROBABILITY PROFILES FOR C
                       Latent class
                     1      2      3      4      5      6
     CB28A
       Category 1  0.806  0.104  0.073  0.768  0.982  0.234
       Category 2  0.194  0.896  0.927  0.232  0.018  0.766
     CB28B
       Category 1  0.867  0.072  0.122  0.809  0.845  0.128
       Category 2  0.133  0.928  0.878  0.191  0.155  0.872
     CB28C
       Category 1  0.597  0.048  0.107  0.791  0.578  0.123
       Category 2  0.403  0.952  0.893  0.209  0.422  0.877
     CB28E
       Category 1  0.703  0.136  0.869  0.917  0.401  0.291
       Category 2  0.297  0.864  0.131  0.083  0.599  0.709
     CB28G
       Category 1  0.510  0.037  0.874  1.000  0.000  0.232
       Category 2  0.490  0.963  0.126  0.000  1.000  0.768
     CB28H
       Category 1  0.203  0.062  0.114  0.856  0.895  0.626
       Category 2  0.797  0.938  0.886  0.144  0.105  0.374
     CB28I
       Category 1  0.308  0.142  0.143  0.916  0.908  0.612
       Category 2  0.692  0.858  0.857  0.084  0.092  0.388
     CB28K
       Category 1  0.156  0.049  0.088  0.884  0.771  0.488
       Category 2  0.844  0.951  0.912  0.116  0.229  0.512
     CB28L
       Category 1  0.225  0.046  0.085  0.905  0.858  0.611
       Category 2  0.775  0.954  0.915  0.095  0.142  0.389


RESULTS IN PROBABILITY SCALE

                                                    Two-Tailed
                    Estimate       S.E.  Est./S.E.    P-Value

Latent Class 1

 CB28A
    Category 1         0.806      0.042     19.296      0.000
    Category 2         0.194      0.042      4.643      0.000
 CB28B
    Category 1         0.867      0.052     16.802      0.000
    Category 2         0.133      0.052      2.581      0.010
 CB28C
    Category 1         0.597      0.041     14.471      0.000
    Category 2         0.403      0.041      9.749      0.000
 CB28E
    Category 1         0.703      0.045     15.583      0.000
    Category 2         0.297      0.045      6.592      0.000
 CB28G
    Category 1         0.510      0.047     10.874      0.000
    Category 2         0.490      0.047     10.454      0.000
 CB28H
    Category 1         0.203      0.036      5.730      0.000
    Category 2         0.797      0.036     22.437      0.000
 CB28I
    Category 1         0.308      0.041      7.462      0.000
    Category 2         0.692      0.041     16.750      0.000
 CB28K
    Category 1         0.156      0.027      5.697      0.000
    Category 2         0.844      0.027     30.922      0.000
 CB28L
    Category 1         0.225      0.033      6.929      0.000
    Category 2         0.775      0.033     23.813      0.000

Latent Class 2

 CB28A
    Category 1         0.104      0.018      5.671      0.000
    Category 2         0.896      0.018     48.669      0.000
 CB28B
    Category 1         0.072      0.015      4.707      0.000
    Category 2         0.928      0.015     60.896      0.000
 CB28C
    Category 1         0.048      0.009      5.362      0.000
    Category 2         0.952      0.009    106.264      0.000
 CB28E
    Category 1         0.136      0.071      1.915      0.056
    Category 2         0.864      0.071     12.217      0.000
 CB28G
    Category 1         0.037      0.105      0.356      0.721
    Category 2         0.963      0.105      9.162      0.000
 CB28H
    Category 1         0.062      0.016      3.821      0.000
    Category 2         0.938      0.016     57.724      0.000
 CB28I
    Category 1         0.142      0.018      7.724      0.000
    Category 2         0.858      0.018     46.710      0.000
 CB28K
    Category 1         0.049      0.012      4.017      0.000
    Category 2         0.951      0.012     78.776      0.000
 CB28L
    Category 1         0.046      0.017      2.721      0.007
    Category 2         0.954      0.017     57.026      0.000

Latent Class 3

 CB28A
    Category 1         0.073      0.074      0.986      0.324
    Category 2         0.927      0.074     12.591      0.000
 CB28B
    Category 1         0.122      0.062      1.986      0.047
    Category 2         0.878      0.062     14.260      0.000
 CB28C
    Category 1         0.107      0.038      2.838      0.005
    Category 2         0.893      0.038     23.612      0.000
 CB28E
    Category 1         0.869      0.355      2.452      0.014
    Category 2         0.131      0.355      0.369      0.712
 CB28G
    Category 1         0.874      0.312      2.804      0.005
    Category 2         0.126      0.312      0.404      0.686
 CB28H
    Category 1         0.114      0.035      3.274      0.001
    Category 2         0.886      0.035     25.485      0.000
 CB28I
    Category 1         0.143      0.040      3.588      0.000
    Category 2         0.857      0.040     21.549      0.000
 CB28K
    Category 1         0.088      0.031      2.803      0.005
    Category 2         0.912      0.031     29.143      0.000
 CB28L
    Category 1         0.085      0.040      2.137      0.033
    Category 2         0.915      0.040     22.889      0.000

Latent Class 4

 CB28A
    Category 1         0.768      0.060     12.742      0.000
    Category 2         0.232      0.060      3.852      0.000
 CB28B
    Category 1         0.809      0.058     13.999      0.000
    Category 2         0.191      0.058      3.297      0.001
 CB28C
    Category 1         0.791      0.063     12.494      0.000
    Category 2         0.209      0.063      3.300      0.001
 CB28E
    Category 1         0.917      0.024     37.853      0.000
    Category 2         0.083      0.024      3.425      0.001
 CB28G
    Category 1         1.000      0.000      0.000      1.000
    Category 2         0.000      0.000      0.000      1.000
 CB28H
    Category 1         0.856      0.037     22.889      0.000
    Category 2         0.144      0.037      3.838      0.000
 CB28I
    Category 1         0.916      0.031     29.086      0.000
    Category 2         0.084      0.031      2.661      0.008
 CB28K
    Category 1         0.884      0.038     23.413      0.000
    Category 2         0.116      0.038      3.071      0.002
 CB28L
    Category 1         0.905      0.033     27.214      0.000
    Category 2         0.095      0.033      2.851      0.004

Latent Class 5

 CB28A
    Category 1         0.982      0.037     26.402      0.000
    Category 2         0.018      0.037      0.489      0.625
 CB28B
    Category 1         0.845      0.054     15.686      0.000
    Category 2         0.155      0.054      2.876      0.004
 CB28C
    Category 1         0.578      0.075      7.718      0.000
    Category 2         0.422      0.075      5.646      0.000
 CB28E
    Category 1         0.401      0.051      7.834      0.000
    Category 2         0.599      0.051     11.703      0.000
 CB28G
    Category 1         0.000      0.000      0.000      1.000
    Category 2         1.000      0.000      0.000      1.000
 CB28H
    Category 1         0.895      0.071     12.627      0.000
    Category 2         0.105      0.071      1.482      0.138
 CB28I
    Category 1         0.908      0.047     19.374      0.000
    Category 2         0.092      0.047      1.971      0.049
 CB28K
    Category 1         0.771      0.094      8.165      0.000
    Category 2         0.229      0.094      2.427      0.015
 CB28L
    Category 1         0.858      0.073     11.695      0.000
    Category 2         0.142      0.073      1.934      0.053

Latent Class 6

 CB28A
    Category 1         0.234      0.034      6.838      0.000
    Category 2         0.766      0.034     22.376      0.000
 CB28B
    Category 1         0.128      0.031      4.092      0.000
    Category 2         0.872      0.031     27.934      0.000
 CB28C
    Category 1         0.123      0.024      5.070      0.000
    Category 2         0.877      0.024     36.178      0.000
 CB28E
    Category 1         0.291      0.049      5.885      0.000
    Category 2         0.709      0.049     14.364      0.000
 CB28G
    Category 1         0.232      0.051      4.521      0.000
    Category 2         0.768      0.051     14.998      0.000
 CB28H
    Category 1         0.626      0.047     13.185      0.000
    Category 2         0.374      0.047      7.885      0.000
 CB28I
    Category 1         0.612      0.039     15.703      0.000
    Category 2         0.388      0.039      9.959      0.000
 CB28K
    Category 1         0.488      0.045     10.802      0.000
    Category 2         0.512      0.045     11.311      0.000
 CB28L
    Category 1         0.611      0.047     12.955      0.000
    Category 2         0.389      0.047      8.239      0.000


EQUALITY TESTS OF PROBABILITIES ACROSS THE LATENT CLASSES

                    Chi-Square     P-Value   Degrees of Freedom


CB28A
  Overall test        316.425      0.000        5
  Class 1 vs. 2        89.465      0.000        1
  Class 1 vs. 3        16.239      0.000        1
  Class 1 vs. 4         0.251      0.616        1
  Class 1 vs. 5         1.506      0.220        1
  Class 1 vs. 6        74.283      0.000        1
  Class 2 vs. 3         0.104      0.747        1
  Class 2 vs. 4        81.817      0.000        1
  Class 2 vs. 5         8.552      0.003        1
  Class 2 vs. 6        11.559      0.001        1
  Class 3 vs. 4        10.356      0.001        1
  Class 3 vs. 5         7.783      0.005        1
  Class 3 vs. 6         1.507      0.220        1
  Class 4 vs. 5         1.849      0.174        1
  Class 4 vs. 6        39.507      0.000        1
  Class 5 vs. 6         6.469      0.011        1

CB28B
  Overall test        294.554      0.000        5
  Class 1 vs. 2        58.467      0.000        1
  Class 1 vs. 3        78.120      0.000        1
  Class 1 vs. 4         0.528      0.467        1
  Class 1 vs. 5         0.078      0.780        1
  Class 1 vs. 6        61.572      0.000        1
  Class 2 vs. 3         0.661      0.416        1
  Class 2 vs. 4        89.939      0.000        1
  Class 2 vs. 5        88.920      0.000        1
  Class 2 vs. 6         2.862      0.091        1
  Class 3 vs. 4        24.242      0.000        1
  Class 3 vs. 5        23.973      0.000        1
  Class 3 vs. 6         0.007      0.935        1
  Class 4 vs. 5         0.232      0.630        1
  Class 4 vs. 6        55.825      0.000        1
  Class 5 vs. 6        63.896      0.000        1

CB28C
  Overall test        396.770      0.000        5
  Class 1 vs. 2       155.164      0.000        1
  Class 1 vs. 3        42.027      0.000        1
  Class 1 vs. 4         4.656      0.031        1
  Class 1 vs. 5         0.049      0.825        1
  Class 1 vs. 6        85.606      0.000        1
  Class 2 vs. 3         3.153      0.076        1
  Class 2 vs. 4       106.363      0.000        1
  Class 2 vs. 5        80.909      0.000        1
  Class 2 vs. 6        10.785      0.001        1
  Class 3 vs. 4        35.780      0.000        1
  Class 3 vs. 5        25.694      0.000        1
  Class 3 vs. 6         0.118      0.731        1
  Class 4 vs. 5         4.683      0.030        1
  Class 4 vs. 6        74.562      0.000        1
  Class 5 vs. 6        35.785      0.000        1

CB28E
  Overall test        138.095      0.000        5
  Class 1 vs. 2        26.843      0.000        1
  Class 1 vs. 3         0.101      0.751        1
  Class 1 vs. 4        14.955      0.000        1
  Class 1 vs. 5        15.800      0.000        1
  Class 1 vs. 6        37.534      0.000        1
  Class 2 vs. 3         1.086      0.297        1
  Class 2 vs. 4        36.900      0.000        1
  Class 2 vs. 5         4.876      0.027        1
  Class 2 vs. 6         2.558      0.110        1
  Class 3 vs. 4         0.027      0.871        1
  Class 3 vs. 5         0.545      0.460        1
  Class 3 vs. 6         0.766      0.382        1
  Class 4 vs. 5        53.822      0.000        1
  Class 4 vs. 6        73.395      0.000        1
  Class 5 vs. 6         1.971      0.160        1

CB28G
  Overall test  *************      0.000        5
  Class 1 vs. 2         1.203      0.273        1
  Class 1 vs. 3         0.467      0.494        1
  Class 1 vs. 4      6358.575      0.000        1
  Class 1 vs. 5      6425.767      0.000        1
  Class 1 vs. 6        13.263      0.000        1
  Class 2 vs. 3         0.924      0.336        1
  Class 2 vs. 4        39.202      0.000        1
  Class 2 vs. 5        16.266      0.000        1
  Class 2 vs. 6         0.506      0.477        1
  Class 3 vs. 4        21.244      0.000        1
  Class 3 vs. 5        35.724      0.000        1
  Class 3 vs. 6         1.175      0.278        1
  Class 4 vs. 5  ************      0.000        1
  Class 4 vs. 6      3166.821      0.000        1
  Class 5 vs. 6      2298.530      0.000        1

CB28H
  Overall test        250.954      0.000        5
  Class 1 vs. 2        15.056      0.000        1
  Class 1 vs. 3         2.628      0.105        1
  Class 1 vs. 4        75.157      0.000        1
  Class 1 vs. 5        24.931      0.000        1
  Class 1 vs. 6        41.923      0.000        1
  Class 2 vs. 3         1.973      0.160        1
  Class 2 vs. 4       138.553      0.000        1
  Class 2 vs. 5        37.415      0.000        1
  Class 2 vs. 6       111.038      0.000        1
  Class 3 vs. 4        64.894      0.000        1
  Class 3 vs. 5        26.399      0.000        1
  Class 3 vs. 6        38.317      0.000        1
  Class 4 vs. 5         0.211      0.646        1
  Class 4 vs. 6        13.469      0.000        1
  Class 5 vs. 6         4.221      0.040        1

CB28I
  Overall test        226.481      0.000        5
  Class 1 vs. 2        16.707      0.000        1
  Class 1 vs. 3         5.979      0.014        1
  Class 1 vs. 4        51.986      0.000        1
  Class 1 vs. 5        33.124      0.000        1
  Class 1 vs. 6        25.614      0.000        1
  Class 2 vs. 3         0.000      0.985        1
  Class 2 vs. 4        99.773      0.000        1
  Class 2 vs. 5        50.409      0.000        1
  Class 2 vs. 6       121.281      0.000        1
  Class 3 vs. 4        60.953      0.000        1
  Class 3 vs. 5        39.524      0.000        1
  Class 3 vs. 6        39.073      0.000        1
  Class 4 vs. 5         0.027      0.870        1
  Class 4 vs. 6        21.038      0.000        1
  Class 5 vs. 6        10.030      0.002        1

CB28K
  Overall test        240.734      0.000        5
  Class 1 vs. 2        16.268      0.000        1
  Class 1 vs. 3         1.979      0.159        1
  Class 1 vs. 4        86.191      0.000        1
  Class 1 vs. 5        29.179      0.000        1
  Class 1 vs. 6        39.539      0.000        1
  Class 2 vs. 3         1.489      0.222        1
  Class 2 vs. 4       141.039      0.000        1
  Class 2 vs. 5        46.367      0.000        1
  Class 2 vs. 6       125.430      0.000        1
  Class 3 vs. 4        61.025      0.000        1
  Class 3 vs. 5        32.017      0.000        1
  Class 3 vs. 6        24.810      0.000        1
  Class 4 vs. 5         1.999      0.157        1
  Class 4 vs. 6        29.643      0.000        1
  Class 5 vs. 6         4.801      0.028        1

CB28L
  Overall test        261.481      0.000        5
  Class 1 vs. 2        19.650      0.000        1
  Class 1 vs. 3         4.077      0.043        1
  Class 1 vs. 4        73.269      0.000        1
  Class 1 vs. 5        26.811      0.000        1
  Class 1 vs. 6        44.589      0.000        1
  Class 2 vs. 3         0.751      0.386        1
  Class 2 vs. 4       104.743      0.000        1
  Class 2 vs. 5        40.109      0.000        1
  Class 2 vs. 6        96.474      0.000        1
  Class 3 vs. 4        49.045      0.000        1
  Class 3 vs. 5        33.725      0.000        1
  Class 3 vs. 6        23.252      0.000        1
  Class 4 vs. 5         0.474      0.491        1
  Class 4 vs. 6        18.493      0.000        1
  Class 5 vs. 6         4.309      0.038        1


LATENT CLASS INDICATOR ODDS RATIOS FOR THE LATENT CLASSES

                                                95% C.I.
                    Estimate       S.E.  Lower 2.5% Upper 2.5%

Latent Class 1 Compared to Latent Class 2

 CB28A
    Category > 1       0.028      0.011      0.013      0.059
 CB28B
    Category > 1       0.012      0.007      0.004      0.037
 CB28C
    Category > 1       0.034      0.009      0.020      0.058
 CB28E
    Category > 1       0.066      0.035      0.024      0.185
 CB28G
    Category > 1       0.037      0.112      0.000     13.264
 CB28H
    Category > 1       0.259      0.090      0.131      0.513
 CB28I
    Category > 1       0.371      0.090      0.231      0.597
 CB28K
    Category > 1       0.277      0.088      0.148      0.517
 CB28L
    Category > 1       0.164      0.067      0.074      0.365

Latent Class 1 Compared to Latent Class 3

 CB28A
    Category > 1       0.019      0.019      0.003      0.130
 CB28B
    Category > 1       0.021      0.009      0.009      0.050
 CB28C
    Category > 1       0.081      0.031      0.038      0.173
 CB28E
    Category > 1       2.814      9.162      0.005   1664.001
 CB28G
    Category > 1       6.678     18.551      0.029   1546.738
 CB28H
    Category > 1       0.503      0.213      0.219      1.154
 CB28I
    Category > 1       0.374      0.150      0.170      0.823
 CB28K
    Category > 1       0.522      0.241      0.211      1.291
 CB28L
    Category > 1       0.321      0.181      0.106      0.967

Latent Class 1 Compared to Latent Class 4

 CB28A
    Category > 1       0.796      0.363      0.326      1.944
 CB28B
    Category > 1       0.652      0.384      0.206      2.066
 CB28C
    Category > 1       2.550      1.106      1.090      5.969
 CB28E
    Category > 1       4.676      1.865      2.140     10.218
 CB28G
    Category > 1   *********      0.000  *********  *********
 CB28H
    Category > 1      23.352      8.487     11.454     47.608
 CB28I
    Category > 1      24.539     10.892     10.281     58.570
 CB28K
    Category > 1      41.387     16.597     18.859     90.826
 CB28L
    Category > 1      32.800     13.375     14.749     72.943

Latent Class 1 Compared to Latent Class 5

 CB28A
    Category > 1      12.994     27.154      0.216    780.802
 CB28B
    Category > 1       0.838      0.530      0.243      2.893
 CB28C
    Category > 1       0.921      0.344      0.442      1.917
 CB28E
    Category > 1       0.283      0.090      0.152      0.528
 CB28G
    Category > 1       0.000      0.000      0.000      0.000
 CB28H
    Category > 1      33.372     23.445      8.422    132.245
 CB28I
    Category > 1      22.061     11.859      7.692     63.269
 CB28K
    Category > 1      18.260      9.819      6.365     52.390
 CB28L
    Category > 1      20.785     12.180      6.591     65.547

Latent Class 1 Compared to Latent Class 6

 CB28A
    Category > 1       0.074      0.022      0.041      0.133
 CB28B
    Category > 1       0.023      0.011      0.009      0.058
 CB28C
    Category > 1       0.094      0.024      0.057      0.156
 CB28E
    Category > 1       0.173      0.050      0.099      0.304
 CB28G
    Category > 1       0.290      0.099      0.149      0.564
 CB28H
    Category > 1       6.549      1.901      3.708     11.567
 CB28I
    Category > 1       3.539      0.884      2.169      5.775
 CB28K
    Category > 1       5.184      1.357      3.104      8.658
 CB28L
    Category > 1       5.404      1.365      3.293      8.868

Latent Class 2 Compared to Latent Class 3

 CB28A
    Category > 1       0.672      0.829      0.060      7.545
 CB28B
    Category > 1       1.802      1.305      0.436      7.451
 CB28C
    Category > 1       2.382      1.164      0.914      6.210
 CB28E
    Category > 1      42.433    152.582      0.037  48813.730
 CB28G
    Category > 1     178.508    962.686      0.005  *********
 CB28H
    Category > 1       1.941      0.916      0.769      4.895
 CB28I
    Category > 1       1.007      0.385      0.476      2.128
 CB28K
    Category > 1       1.886      0.981      0.681      5.229
 CB28L
    Category > 1       1.957      1.515      0.429      8.926

Latent Class 2 Compared to Latent Class 4

 CB28A
    Category > 1      28.386     10.500     13.748     58.611
 CB28B
    Category > 1      54.930     23.204     24.002    125.713
 CB28C
    Category > 1      75.018     31.407     33.022    170.426
 CB28E
    Category > 1      70.519     49.406     17.862    278.405
 CB28G
    Category > 1   *********      0.000  *********  *********
 CB28H
    Category > 1      90.092     34.448     42.580    190.619
 CB28I
    Category > 1      66.110     27.740     29.046    150.468
 CB28K
    Category > 1     149.520     63.044     65.432    341.672
 CB28L
    Category > 1     200.051    103.571     72.518    551.869

Latent Class 2 Compared to Latent Class 5

 CB28A
    Category > 1     463.452    972.832      7.572  28365.736
 CB28B
    Category > 1      70.565     31.853     29.131    170.933
 CB28C
    Category > 1      27.088      9.935     13.200     55.587
 CB28E
    Category > 1       4.271      2.808      1.177     15.493
 CB28G
    Category > 1       0.000      0.000      0.000      0.000
 CB28H
    Category > 1     128.751    102.253     27.147    610.633
 CB28I
    Category > 1      59.433     34.194     19.244    183.555
 CB28K
    Category > 1      65.970     40.586     19.755    220.307
 CB28L
    Category > 1     126.767     96.927     28.325    567.349

Latent Class 2 Compared to Latent Class 6

 CB28A
    Category > 1       2.623      0.744      1.504      4.573
 CB28B
    Category > 1       1.895      0.716      0.904      3.976
 CB28C
    Category > 1       2.777      0.864      1.510      5.109
 CB28E
    Category > 1       2.614      1.570      0.805      8.484
 CB28G
    Category > 1       7.747     22.297      0.027   2183.150
 CB28H
    Category > 1      25.264      7.743     13.856     46.066
 CB28I
    Category > 1       9.536      1.953      6.383     14.245
 CB28K
    Category > 1      18.728      4.900     11.215     31.275
 CB28L
    Category > 1      32.960     11.729     16.409     66.207

Latent Class 3 Compared to Latent Class 4

 CB28A
    Category > 1      42.233     49.125      4.320    412.832
 CB28B
    Category > 1      30.488     21.161      7.822    118.832
 CB28C
    Category > 1      31.492     18.162     10.169     97.526
 CB28E
    Category > 1       1.662      5.180      0.004    747.632
 CB28G
    Category > 1   *********      0.000  *********  *********
 CB28H
    Category > 1      46.421     22.115     18.247    118.096
 CB28I
    Category > 1      65.651     35.186     22.963    187.696
 CB28K
    Category > 1      79.264     44.369     26.461    237.442
 CB28L
    Category > 1     102.242     67.556     28.002    373.308

Latent Class 3 Compared to Latent Class 5

 CB28A
    Category > 1     689.520   1615.373      6.988  68035.750
 CB28B
    Category > 1      39.166     29.339      9.021    170.043
 CB28C
    Category > 1      11.371      5.454      4.442     29.111
 CB28E
    Category > 1       0.101      0.313      0.000     44.578
 CB28G
    Category > 1       0.000      0.000      0.000      0.000
 CB28H
    Category > 1      66.340     54.161     13.391    328.644
 CB28I
    Category > 1      59.020     38.283     16.553    210.444
 CB28K
    Category > 1      34.973     21.970     10.209    119.801
 CB28L
    Category > 1      64.788     46.534     15.853    264.780

Latent Class 3 Compared to Latent Class 6

 CB28A
    Category > 1       3.902      4.328      0.444     34.304
 CB28B
    Category > 1       1.052      0.654      0.311      3.560
 CB28C
    Category > 1       1.166      0.521      0.485      2.800
 CB28E
    Category > 1       0.062      0.196      0.000     31.674
 CB28G
    Category > 1       0.043      0.126      0.000     12.613
 CB28H
    Category > 1      13.018      5.397      5.776     29.338
 CB28I
    Category > 1       9.469      3.406      4.679     19.163
 CB28K
    Category > 1       9.928      4.575      4.024     24.499
 CB28L
    Category > 1      16.845      9.866      5.345     53.088

Latent Class 4 Compared to Latent Class 5

 CB28A
    Category > 1      16.327     33.535      0.291    914.797
 CB28B
    Category > 1       1.285      0.669      0.463      3.562
 CB28C
    Category > 1       0.361      0.170      0.144      0.908
 CB28E
    Category > 1       0.061      0.023      0.029      0.128
 CB28G
    Category > 1       0.000      0.000      0.000      0.000
 CB28H
    Category > 1       1.429      1.111      0.312      6.556
 CB28I
    Category > 1       0.899      0.583      0.252      3.206
 CB28K
    Category > 1       0.441      0.255      0.142      1.372
 CB28L
    Category > 1       0.634      0.420      0.173      2.321

Latent Class 4 Compared to Latent Class 6

 CB28A
    Category > 1       0.092      0.035      0.044      0.194
 CB28B
    Category > 1       0.035      0.016      0.014      0.083
 CB28C
    Category > 1       0.037      0.014      0.018      0.078
 CB28E
    Category > 1       0.037      0.014      0.017      0.079
 CB28G
    Category > 1       0.000      0.000      0.000      0.000
 CB28H
    Category > 1       0.280      0.097      0.142      0.553
 CB28I
    Category > 1       0.144      0.061      0.063      0.330
 CB28K
    Category > 1       0.125      0.048      0.059      0.265
 CB28L
    Category > 1       0.165      0.069      0.072      0.375

Latent Class 5 Compared to Latent Class 6

 CB28A
    Category > 1       0.006      0.012      0.000      0.305
 CB28B
    Category > 1       0.027      0.012      0.011      0.065
 CB28C
    Category > 1       0.103      0.039      0.049      0.216
 CB28E
    Category > 1       0.612      0.214      0.308      1.215
 CB28G
    Category > 1   *********      0.000  *********  *********
 CB28H
    Category > 1       0.196      0.156      0.042      0.928
 CB28I
    Category > 1       0.160      0.093      0.052      0.498
 CB28K
    Category > 1       0.284      0.163      0.092      0.876
 CB28L
    Category > 1       0.260      0.169      0.073      0.928


RESIDUAL OUTPUT


     RESIDUAL OUTPUT IS NOT AVAILABLE FOR THIS MODEL.  ADDITIONAL OUTPUT FOR
     CATEGORICAL, COUNT, AND NOMINAL VARIABLES MAY BE AVAILABLE USING TECH10.


TECHNICAL 11 OUTPUT

     Random Starts Specifications for the k-1 Class Analysis Model
        Number of initial stage random starts                 500
        Number of final stage optimizations                   100



     VUONG-LO-MENDELL-RUBIN LIKELIHOOD RATIO TEST FOR 5 (H0) VERSUS 6 CLASSES

          H0 Loglikelihood Value                       -12548.936
          2 Times the Loglikelihood Difference            107.470
          Difference in the Number of Parameters               10
          Mean                                             28.086
          Standard Deviation                               28.498
          P-Value                                          0.0188

     LO-MENDELL-RUBIN ADJUSTED LRT TEST

          Value                                           106.125
          P-Value                                          0.0198


TECHNICAL 14 OUTPUT

     Random Starts Specifications for the k-1 Class Analysis Model
        Number of initial stage random starts                 500
        Number of final stage optimizations                   100

     Random Starts Specification for the k-1 Class Model for Generated Data
        Number of initial stage random starts                   0
        Number of final stage optimizations for the
           initial stage random starts                          0
     Random Starts Specification for the k Class Model for Generated Data
        Number of initial stage random starts                  40
        Number of final stage optimizations                     8
     Number of bootstrap draws requested                   Varies


     PARAMETRIC BOOTSTRAPPED LIKELIHOOD RATIO TEST FOR 5 (H0) VERSUS 6 CLASSES

          H0 Loglikelihood Value                       -12548.936
          2 Times the Loglikelihood Difference            107.470
          Difference in the Number of Parameters               10
          Approximate P-Value                              0.0000
          Successful Bootstrap Draws                            5

     WARNING:  OF THE 5 BOOTSTRAP DRAWS, 4 DRAWS HAD BOTH A SMALLER LRT VALUE THAN THE
     OBSERVED LRT VALUE AND NOT A REPLICATED BEST LOGLIKELIHOOD VALUE FOR THE 6-CLASS MODEL.
     THIS MEANS THAT THE P-VALUE MAY NOT BE TRUSTWORTHY DUE TO LOCAL MAXIMA.
     INCREASE THE NUMBER OF RANDOM STARTS USING THE LRTSTARTS OPTION.



     Beginning Time:  11:08:47
        Ending Time:  11:09:11
       Elapsed Time:  00:00:24



MUTHEN & MUTHEN
3463 Stoner Ave.
Los Angeles, CA  90066

Tel: (310) 391-9971
Fax: (310) 391-8971
Web: www.StatModel.com
Support: Support@StatModel.com

Copyright (c) 1998-2025 Muthen & Muthen
