Mplus VERSION 9
MUTHEN & MUTHEN
04/01/2026  11:09 AM

INPUT INSTRUCTIONS

  TITLE:
  8-Class
  DATA:
  FILE = "C:/Users/dnajiarch/Box/AERA 2026/aera2026-mixtures/enumeration/
  lsay.dat";
  VARIABLE:
  NAMES = CASENUM COHORT RSTEMM CB28A CB28B CB28C CB28E CB28G CB28H CB28I CB28K CB28L;
   MISSING=.;
   categorical = CB28A - CB28L;
  usevar = CB28A - CB28L;
  classes = c(8);
  ANALYSIS:
  estimator = mlr;
      type = mixture;
      starts = 500 100;
      processors = 10;
  OUTPUT:
  sampstat residual tech11 tech14;



*** WARNING in OUTPUT command
  SAMPSTAT option is not available when all outcomes are censored, ordered
  categorical, unordered categorical (nominal), count or continuous-time
  survival variables.  Request for SAMPSTAT is ignored.
*** WARNING
  Data set contains cases with missing on all variables.
  These cases were not included in the analysis.
  Number of cases with missing on all variables:  441
   2 WARNING(S) FOUND IN THE INPUT INSTRUCTIONS




8-Class

SUMMARY OF ANALYSIS

Number of groups                                                 1
Number of observations                                        2675

Number of dependent variables                                    9
Number of independent variables                                  0
Number of continuous latent variables                            0
Number of categorical latent variables                           1

Observed dependent variables

  Binary and ordered categorical (ordinal)
   CB28A       CB28B       CB28C       CB28E       CB28G       CB28H
   CB28I       CB28K       CB28L

Categorical latent variables
   C


Estimator                                                      MLR
Information matrix                                        OBSERVED
Optimization Specifications for the Quasi-Newton Algorithm for
Continuous Outcomes
  Maximum number of iterations                                 100
  Convergence criterion                                  0.100D-05
Optimization Specifications for the EM Algorithm
  Maximum number of iterations                                 500
  Convergence criteria
    Loglikelihood change                                 0.100D-06
    Relative loglikelihood change                        0.100D-06
    Derivative                                           0.100D-05
Optimization Specifications for the M step of the EM Algorithm for
Categorical Latent Variables
  Number of M step iterations                                    1
  M step convergence criterion                           0.100D-05
  Basis for M step termination                           ITERATION
Optimization Specifications for the M step of the EM Algorithm for
Censored, Binary or Ordered Categorical (Ordinal), Unordered
Categorical (Nominal) and Count Outcomes
  Number of M step iterations                                    1
  M step convergence criterion                           0.100D-05
  Basis for M step termination                           ITERATION
  Maximum value for logit thresholds                            15
  Minimum value for logit thresholds                           -15
  Minimum expected cell size for chi-square              0.100D-01
Maximum number of iterations for H1                           2000
Convergence criterion for H1                             0.100D-03
Optimization algorithm                                         EMA
Random Starts Specifications
  Number of initial stage random starts                        500
  Number of final stage optimizations                          100
  Number of initial stage iterations                            10
  Initial stage convergence criterion                    0.100D+01
  Random starts scale                                    0.500D+01
  Random seed for generating random starts                       0
Link                                                         LOGIT

Input data file(s)
  C:/Users/dnajiarch/Box/AERA 2026/aera2026-mixtures/enumeration/lsay.dat
Input data format  FREE


SUMMARY OF DATA

     Number of missing data patterns            30
     Number of y missing data patterns           0
     Number of u missing data patterns          30


COVARIANCE COVERAGE OF DATA

Minimum covariance coverage value   0.100


     PROPORTION OF DATA PRESENT FOR U


           Covariance Coverage
              CB28A         CB28B         CB28C         CB28E         CB28G
              ________      ________      ________      ________      ________
 CB28A          0.997
 CB28B          0.996         0.998
 CB28C          0.987         0.988         0.990
 CB28E          0.978         0.979         0.971         0.980
 CB28G          0.988         0.990         0.982         0.973         0.991
 CB28H          0.985         0.986         0.978         0.970         0.981
 CB28I          0.982         0.983         0.976         0.966         0.978
 CB28K          0.977         0.978         0.971         0.962         0.973
 CB28L          0.987         0.988         0.981         0.972         0.983


           Covariance Coverage
              CB28H         CB28I         CB28K         CB28L
              ________      ________      ________      ________
 CB28H          0.988
 CB28I          0.975         0.985
 CB28K          0.970         0.969         0.980
 CB28L          0.979         0.977         0.975         0.990


UNIVARIATE PROPORTIONS AND COUNTS FOR CATEGORICAL VARIABLES

    CB28A
      Category 1    0.331          884.000
      Category 2    0.669         1784.000
    CB28B
      Category 1    0.307          820.000
      Category 2    0.693         1850.000
    CB28C
      Category 1    0.237          628.000
      Category 2    0.763         2020.000
    CB28E
      Category 1    0.410         1076.000
      Category 2    0.590         1546.000
    CB28G
      Category 1    0.313          830.000
      Category 2    0.687         1821.000
    CB28H
      Category 1    0.305          807.000
      Category 2    0.695         1835.000
    CB28I
      Category 1    0.360          949.000
      Category 2    0.640         1686.000
    CB28K
      Category 1    0.257          674.000
      Category 2    0.743         1947.000
    CB28L
      Category 1    0.298          790.000
      Category 2    0.702         1858.000


RANDOM STARTS RESULTS RANKED FROM THE BEST TO THE WORST LOGLIKELIHOOD VALUES

Final stage loglikelihood values at local maxima, seeds, and initial stage start numbers:

          -12420.323  544048           87
          -12420.323  887676           22
          -12420.323  438144           271
          -12420.323  667250           318
          -12420.323  195873           6
          -12420.323  830570           369
          -12420.323  118421           139
          -12420.323  123985           248
          -12420.323  414284           158
          -12420.323  804660           260
          -12420.323  335485           496
          -12420.323  425982           485
          -12420.323  922596           456
          -12420.323  508482           446
          -12420.323  170954           86
          -12420.323  996231           310
          -12420.324  918558           412
          -12420.680  484406           421
          -12420.680  801717           364
          -12420.736  741888           138
          -12420.736  315029           471
          -12420.872  399848           220
          -12421.400  281558           184
          -12422.101  414828           322
          -12428.464  136842           58
          -12431.220  576596           99
          -12431.887  185071           370
          -12432.634  468036           131
          -12432.634  89970            223
          -12432.634  535804           111
          -12434.602  957392           79
          -12434.807  871722           355
          -12434.848  319144           176
          -12435.631  273992           349
          -12442.034  281462           285
          -12442.516  499150           216
          -12443.512  512836           289

63 perturbed starting value run(s) did not converge or were rejected in the third stage.



THE BEST LOGLIKELIHOOD VALUE HAS BEEN REPLICATED.  RERUN WITH AT LEAST TWICE THE
RANDOM STARTS TO CHECK THAT THE BEST LOGLIKELIHOOD IS STILL OBTAINED AND REPLICATED.

     IN THE OPTIMIZATION, ONE OR MORE LOGIT THRESHOLDS APPROACHED EXTREME VALUES
     OF -15.000 AND 15.000 AND WERE FIXED TO STABILIZE MODEL ESTIMATION.  THESE
     VALUES IMPLY PROBABILITIES OF 0 AND 1.  IN THE MODEL RESULTS SECTION, THESE
     PARAMETERS HAVE 0 STANDARD ERRORS AND 999 IN THE Z-SCORE AND P-VALUE COLUMNS.




THE MODEL ESTIMATION TERMINATED NORMALLY



MODEL FIT INFORMATION

Number of Free Parameters                       79

Loglikelihood

          H0 Value                      -12420.323
          H0 Scaling Correction Factor      1.0957
            for MLR

Information Criteria

          Akaike (AIC)                   24998.647
          Bayesian (BIC)                 25464.092
          Sample-Size Adjusted BIC       25213.084
            (n* = (n + 2) / 24)

Chi-Square Test of Model Fit for the Binary and Ordered Categorical
(Ordinal) Outcomes**

          Pearson Chi-Square

          Value                            664.183
          Degrees of Freedom                   421
          P-Value                           0.0000

          Likelihood Ratio Chi-Square

          Value                            602.399
          Degrees of Freedom                   421
          P-Value                           0.0000

** Of the 4352 cells in the latent class indicator table, 11
   were deleted in the calculation of chi-square due to extreme values.

Chi-Square Test for MCAR under the Unrestricted Latent Class Indicator Model

          Pearson Chi-Square

          Value                           2176.326
          Degrees of Freedom                  3811
          P-Value                           1.0000

          Likelihood Ratio Chi-Square

          Value                            689.683
          Degrees of Freedom                  3811
          P-Value                           1.0000



FINAL CLASS COUNTS AND PROPORTIONS FOR THE LATENT CLASSES
BASED ON THE ESTIMATED MODEL

    Latent
   Classes

       1        225.45449          0.08428
       2        113.31454          0.04236
       3        368.79046          0.13787
       4        132.43900          0.04951
       5        836.40898          0.31268
       6        264.28903          0.09880
       7        275.93210          0.10315
       8        458.37139          0.17135


FINAL CLASS COUNTS AND PROPORTIONS FOR THE LATENT CLASSES
BASED ON ESTIMATED POSTERIOR PROBABILITIES

    Latent
   Classes

       1        225.45449          0.08428
       2        113.31454          0.04236
       3        368.79046          0.13787
       4        132.43900          0.04951
       5        836.40898          0.31268
       6        264.28903          0.09880
       7        275.93210          0.10315
       8        458.37139          0.17135


FINAL CLASS COUNTS AND PROPORTIONS FOR THE LATENT CLASSES
BASED ON THEIR MOST LIKELY LATENT CLASS MEMBERSHIP

Class Counts and Proportions

    Latent
   Classes

       1              195          0.07290
       2              118          0.04411
       3              358          0.13383
       4              123          0.04598
       5              862          0.32224
       6              251          0.09383
       7              257          0.09607
       8              511          0.19103


CLASSIFICATION QUALITY

     Entropy                         0.723


Average Latent Class Probabilities for Most Likely Latent Class Membership (Row)
by Latent Class (Column)

           1        2        3        4        5        6        7        8

    1   0.734    0.042    0.073    0.021    0.000    0.022    0.052    0.057
    2   0.076    0.864    0.000    0.039    0.000    0.000    0.021    0.000
    3   0.075    0.000    0.749    0.029    0.053    0.069    0.001    0.024
    4   0.050    0.004    0.015    0.846    0.000    0.064    0.020    0.000
    5   0.001    0.000    0.062    0.000    0.854    0.042    0.001    0.040
    6   0.036    0.000    0.061    0.025    0.063    0.649    0.126    0.039
    7   0.043    0.010    0.001    0.011    0.001    0.051    0.840    0.043
    8   0.038    0.000    0.031    0.000    0.127    0.031    0.024    0.750


Classification Probabilities for the Most Likely Latent Class Membership (Column)
by Latent Class (Row)

           1        2        3        4        5        6        7        8

    1   0.635    0.040    0.119    0.027    0.004    0.040    0.049    0.086
    2   0.072    0.900    0.000    0.004    0.000    0.000    0.024    0.000
    3   0.038    0.000    0.727    0.005    0.144    0.042    0.001    0.043
    4   0.031    0.035    0.079    0.786    0.000    0.048    0.021    0.000
    5   0.000    0.000    0.023    0.000    0.880    0.019    0.000    0.078
    6   0.016    0.000    0.094    0.030    0.136    0.616    0.049    0.059
    7   0.037    0.009    0.001    0.009    0.004    0.114    0.782    0.044
    8   0.024    0.000    0.019    0.000    0.075    0.021    0.024    0.836


Logits for the Classification Probabilities for the Most Likely Latent Class Membership (Column)
by Latent Class (Row)

              1        2        3        4        5        6        7        8

    1      2.001   -0.773    0.329   -1.143   -3.094   -0.751   -0.556    0.000
    2      8.065   10.593   -0.680    5.253   -1.723    2.970    6.960    0.000
    3     -0.110   -7.243    2.832   -2.144    1.215   -0.026   -3.798    0.000
    4      6.970    7.079    7.909   10.201    0.746    7.411    6.561    0.000
    5     -6.908  -11.260   -1.238  -10.709    2.428   -1.407   -5.494    0.000
    6     -1.307   -8.830    0.460   -0.678    0.836    2.344   -0.185    0.000
    7     -0.184   -1.569   -3.500   -1.583   -2.425    0.956    2.880    0.000
    8     -3.535  -12.215   -3.797  -10.789   -2.409   -3.664   -3.539    0.000


MODEL RESULTS

                                                    Two-Tailed
                    Estimate       S.E.  Est./S.E.    P-Value

Latent Class 1

 Thresholds
    CB28A$1           -0.792      0.442     -1.792      0.073
    CB28B$1           -0.807      0.518     -1.558      0.119
    CB28C$1           -0.609      0.292     -2.090      0.037
    CB28E$1            1.152      0.443      2.597      0.009
    CB28G$1            1.226      0.704      1.741      0.082
    CB28H$1            0.486      0.265      1.831      0.067
    CB28I$1            0.842      0.394      2.140      0.032
    CB28K$1            0.736      0.359      2.052      0.040
    CB28L$1            0.836      0.358      2.334      0.020

Latent Class 2

 Thresholds
    CB28A$1            2.277      0.624      3.650      0.000
    CB28B$1            2.707      0.769      3.519      0.000
    CB28C$1            2.772      1.345      2.060      0.039
    CB28E$1            2.928      1.040      2.814      0.005
    CB28G$1           15.000      0.000    999.000    999.000
    CB28H$1            2.565      0.808      3.176      0.001
    CB28I$1            2.838      0.528      5.378      0.000
    CB28K$1            2.676      0.865      3.095      0.002
    CB28L$1            2.605      0.572      4.556      0.000

Latent Class 3

 Thresholds
    CB28A$1           -1.527      0.291     -5.251      0.000
    CB28B$1           -3.066      0.756     -4.055      0.000
    CB28C$1           -2.856      0.544     -5.253      0.000
    CB28E$1           -1.975      0.526     -3.751      0.000
    CB28G$1           -2.309      0.572     -4.036      0.000
    CB28H$1            0.606      0.263      2.309      0.021
    CB28I$1            0.399      0.217      1.836      0.066
    CB28K$1           -0.223      0.224     -0.997      0.319
    CB28L$1            0.374      0.269      1.391      0.164

Latent Class 4

 Thresholds
    CB28A$1            3.403      1.436      2.370      0.018
    CB28B$1            1.570      0.461      3.409      0.001
    CB28C$1            0.445      0.329      1.353      0.176
    CB28E$1           -0.410      0.294     -1.394      0.163
    CB28G$1           -2.628      1.479     -1.776      0.076
    CB28H$1            3.241      1.545      2.097      0.036
    CB28I$1            2.511      0.678      3.705      0.000
    CB28K$1            1.559      0.568      2.743      0.006
    CB28L$1            2.274      0.691      3.290      0.001

Latent Class 5

 Thresholds
    CB28A$1           -2.414      0.230    -10.500      0.000
    CB28B$1           -3.085      0.381     -8.106      0.000
    CB28C$1           -3.066      0.229    -13.378      0.000
    CB28E$1           -2.408      0.788     -3.057      0.002
    CB28G$1          -15.000      0.000    999.000    999.000
    CB28H$1           -3.139      0.409     -7.677      0.000
    CB28I$1           -2.004      0.176    -11.372      0.000
    CB28K$1           -3.093      0.294    -10.506      0.000
    CB28L$1           -3.400      0.468     -7.271      0.000

Latent Class 6

 Thresholds
    CB28A$1            0.569      0.372      1.532      0.126
    CB28B$1            0.685      0.446      1.538      0.124
    CB28C$1           -1.121      0.331     -3.387      0.001
    CB28E$1           -0.629      0.280     -2.246      0.025
    CB28G$1          -15.000      0.000    999.000    999.000
    CB28H$1           -1.028      0.443     -2.324      0.020
    CB28I$1           -0.193      0.333     -0.580      0.562
    CB28K$1           -1.483      0.388     -3.817      0.000
    CB28L$1           -0.808      0.348     -2.321      0.020

Latent Class 7

 Thresholds
    CB28A$1            2.060      0.409      5.036      0.000
    CB28B$1            2.240      0.401      5.582      0.000
    CB28C$1            0.981      0.197      4.976      0.000
    CB28E$1            1.431      0.229      6.251      0.000
    CB28G$1            0.825      0.235      3.515      0.000
    CB28H$1           -1.423      0.261     -5.462      0.000
    CB28I$1           -1.008      0.216     -4.672      0.000
    CB28K$1           -1.727      0.251     -6.883      0.000
    CB28L$1           -1.389      0.222     -6.247      0.000

Latent Class 8

 Thresholds
    CB28A$1           -2.420      0.347     -6.977      0.000
    CB28B$1           -1.918      0.219     -8.749      0.000
    CB28C$1           -2.230      0.257     -8.665      0.000
    CB28E$1            1.045      0.159      6.580      0.000
    CB28G$1            0.822      0.662      1.242      0.214
    CB28H$1           -2.080      0.263     -7.908      0.000
    CB28I$1           -1.850      0.231     -8.019      0.000
    CB28K$1           -2.694      0.322     -8.360      0.000
    CB28L$1           -2.542      0.331     -7.683      0.000

Categorical Latent Variables

 Means
    C#1               -0.710      0.297     -2.388      0.017
    C#2               -1.398      0.324     -4.309      0.000
    C#3               -0.217      0.287     -0.758      0.448
    C#4               -1.242      0.347     -3.576      0.000
    C#5                0.601      0.301      1.995      0.046
    C#6               -0.551      0.319     -1.724      0.085
    C#7               -0.508      0.252     -2.018      0.044


QUALITY OF NUMERICAL RESULTS

     Condition Number for the Information Matrix              0.774E-03
       (ratio of smallest to largest eigenvalue)


LATENT CLASS INDICATOR MEANS AND PROBABILITIES FOR EACH LATENT CLASS

     MEAN/PROBABILITY PROFILES FOR C
                       Latent class
                     1      2      3      4      5      6      7      8
     CB28A
       Category 1  0.312  0.907  0.178  0.968  0.082  0.639  0.887  0.082
       Category 2  0.688  0.093  0.822  0.032  0.918  0.361  0.113  0.918
     CB28B
       Category 1  0.309  0.937  0.045  0.828  0.044  0.665  0.904  0.128
       Category 2  0.691  0.063  0.955  0.172  0.956  0.335  0.096  0.872
     CB28C
       Category 1  0.352  0.941  0.054  0.609  0.045  0.246  0.727  0.097
       Category 2  0.648  0.059  0.946  0.391  0.955  0.754  0.273  0.903
     CB28E
       Category 1  0.760  0.949  0.122  0.399  0.083  0.348  0.807  0.740
       Category 2  0.240  0.051  0.878  0.601  0.917  0.652  0.193  0.260
     CB28G
       Category 1  0.773  1.000  0.090  0.067  0.000  0.000  0.695  0.695
       Category 2  0.227  0.000  0.910  0.933  1.000  1.000  0.305  0.305
     CB28H
       Category 1  0.619  0.929  0.647  0.962  0.042  0.263  0.194  0.111
       Category 2  0.381  0.071  0.353  0.038  0.958  0.737  0.806  0.889
     CB28I
       Category 1  0.699  0.945  0.598  0.925  0.119  0.452  0.267  0.136
       Category 2  0.301  0.055  0.402  0.075  0.881  0.548  0.733  0.864
     CB28K
       Category 1  0.676  0.936  0.444  0.826  0.043  0.185  0.151  0.063
       Category 2  0.324  0.064  0.556  0.174  0.957  0.815  0.849  0.937
     CB28L
       Category 1  0.698  0.931  0.592  0.907  0.032  0.308  0.200  0.073
       Category 2  0.302  0.069  0.408  0.093  0.968  0.692  0.800  0.927


RESULTS IN PROBABILITY SCALE

                                                    Two-Tailed
                    Estimate       S.E.  Est./S.E.    P-Value

Latent Class 1

 CB28A
    Category 1         0.312      0.095      3.287      0.001
    Category 2         0.688      0.095      7.257      0.000
 CB28B
    Category 1         0.309      0.111      2.791      0.005
    Category 2         0.691      0.111      6.256      0.000
 CB28C
    Category 1         0.352      0.067      5.294      0.000
    Category 2         0.648      0.067      9.738      0.000
 CB28E
    Category 1         0.760      0.081      9.390      0.000
    Category 2         0.240      0.081      2.969      0.003
 CB28G
    Category 1         0.773      0.124      6.260      0.000
    Category 2         0.227      0.124      1.837      0.066
 CB28H
    Category 1         0.619      0.063      9.896      0.000
    Category 2         0.381      0.063      6.090      0.000
 CB28I
    Category 1         0.699      0.083      8.438      0.000
    Category 2         0.301      0.083      3.634      0.000
 CB28K
    Category 1         0.676      0.079      8.606      0.000
    Category 2         0.324      0.079      4.122      0.000
 CB28L
    Category 1         0.698      0.076      9.232      0.000
    Category 2         0.302      0.076      4.001      0.000

Latent Class 2

 CB28A
    Category 1         0.907      0.053     17.226      0.000
    Category 2         0.093      0.053      1.767      0.077
 CB28B
    Category 1         0.937      0.045     20.779      0.000
    Category 2         0.063      0.045      1.387      0.165
 CB28C
    Category 1         0.941      0.075     12.627      0.000
    Category 2         0.059      0.075      0.790      0.430
 CB28E
    Category 1         0.949      0.050     18.924      0.000
    Category 2         0.051      0.050      1.013      0.311
 CB28G
    Category 1         1.000      0.000      0.000      1.000
    Category 2         0.000      0.000      0.000      1.000
 CB28H
    Category 1         0.929      0.054     17.338      0.000
    Category 2         0.071      0.054      1.333      0.182
 CB28I
    Category 1         0.945      0.028     34.256      0.000
    Category 2         0.055      0.028      2.006      0.045
 CB28K
    Category 1         0.936      0.052     17.960      0.000
    Category 2         0.064      0.052      1.236      0.216
 CB28L
    Category 1         0.931      0.037     25.422      0.000
    Category 2         0.069      0.037      1.878      0.060

Latent Class 3

 CB28A
    Category 1         0.178      0.043      4.185      0.000
    Category 2         0.822      0.043     19.273      0.000
 CB28B
    Category 1         0.045      0.032      1.384      0.166
    Category 2         0.955      0.032     29.703      0.000
 CB28C
    Category 1         0.054      0.028      1.945      0.052
    Category 2         0.946      0.028     33.830      0.000
 CB28E
    Category 1         0.122      0.056      2.163      0.031
    Category 2         0.878      0.056     15.587      0.000
 CB28G
    Category 1         0.090      0.047      1.921      0.055
    Category 2         0.910      0.047     19.340      0.000
 CB28H
    Category 1         0.647      0.060     10.790      0.000
    Category 2         0.353      0.060      5.883      0.000
 CB28I
    Category 1         0.598      0.052     11.458      0.000
    Category 2         0.402      0.052      7.687      0.000
 CB28K
    Category 1         0.444      0.055      8.030      0.000
    Category 2         0.556      0.055     10.041      0.000
 CB28L
    Category 1         0.592      0.065      9.130      0.000
    Category 2         0.408      0.065      6.282      0.000

Latent Class 4

 CB28A
    Category 1         0.968      0.045     21.630      0.000
    Category 2         0.032      0.045      0.719      0.472
 CB28B
    Category 1         0.828      0.066     12.609      0.000
    Category 2         0.172      0.066      2.623      0.009
 CB28C
    Category 1         0.609      0.078      7.785      0.000
    Category 2         0.391      0.078      4.989      0.000
 CB28E
    Category 1         0.399      0.071      5.658      0.000
    Category 2         0.601      0.071      8.525      0.000
 CB28G
    Category 1         0.067      0.093      0.725      0.469
    Category 2         0.933      0.093     10.037      0.000
 CB28H
    Category 1         0.962      0.056     17.186      0.000
    Category 2         0.038      0.056      0.673      0.501
 CB28I
    Category 1         0.925      0.047     19.648      0.000
    Category 2         0.075      0.047      1.596      0.111
 CB28K
    Category 1         0.826      0.082     10.126      0.000
    Category 2         0.174      0.082      2.130      0.033
 CB28L
    Category 1         0.907      0.058     15.504      0.000
    Category 2         0.093      0.058      1.596      0.111

Latent Class 5

 CB28A
    Category 1         0.082      0.017      4.739      0.000
    Category 2         0.918      0.017     52.967      0.000
 CB28B
    Category 1         0.044      0.016      2.748      0.006
    Category 2         0.956      0.016     60.076      0.000
 CB28C
    Category 1         0.045      0.010      4.566      0.000
    Category 2         0.955      0.010     98.003      0.000
 CB28E
    Category 1         0.083      0.060      1.384      0.166
    Category 2         0.917      0.060     15.375      0.000
 CB28G
    Category 1         0.000      0.000      0.000      1.000
    Category 2         1.000      0.000      0.000      1.000
 CB28H
    Category 1         0.042      0.016      2.551      0.011
    Category 2         0.958      0.016     58.904      0.000
 CB28I
    Category 1         0.119      0.018      6.440      0.000
    Category 2         0.881      0.018     47.769      0.000
 CB28K
    Category 1         0.043      0.012      3.551      0.000
    Category 2         0.957      0.012     78.274      0.000
 CB28L
    Category 1         0.032      0.015      2.210      0.027
    Category 2         0.968      0.015     66.199      0.000

Latent Class 6

 CB28A
    Category 1         0.639      0.086      7.446      0.000
    Category 2         0.361      0.086      4.214      0.000
 CB28B
    Category 1         0.665      0.099      6.697      0.000
    Category 2         0.335      0.099      3.374      0.001
 CB28C
    Category 1         0.246      0.061      4.007      0.000
    Category 2         0.754      0.061     12.290      0.000
 CB28E
    Category 1         0.348      0.063      5.477      0.000
    Category 2         0.652      0.063     10.271      0.000
 CB28G
    Category 1         0.000      0.000      0.000      1.000
    Category 2         1.000      0.000      0.000      1.000
 CB28H
    Category 1         0.263      0.086      3.068      0.002
    Category 2         0.737      0.086      8.579      0.000
 CB28I
    Category 1         0.452      0.082      5.480      0.000
    Category 2         0.548      0.082      6.648      0.000
 CB28K
    Category 1         0.185      0.059      3.159      0.002
    Category 2         0.815      0.059     13.914      0.000
 CB28L
    Category 1         0.308      0.074      4.152      0.000
    Category 2         0.692      0.074      9.316      0.000

Latent Class 7

 CB28A
    Category 1         0.887      0.041     21.627      0.000
    Category 2         0.113      0.041      2.756      0.006
 CB28B
    Category 1         0.904      0.035     25.896      0.000
    Category 2         0.096      0.035      2.758      0.006
 CB28C
    Category 1         0.727      0.039     18.603      0.000
    Category 2         0.273      0.039      6.977      0.000
 CB28E
    Category 1         0.807      0.036     22.638      0.000
    Category 2         0.193      0.036      5.413      0.000
 CB28G
    Category 1         0.695      0.050     13.979      0.000
    Category 2         0.305      0.050      6.124      0.000
 CB28H
    Category 1         0.194      0.041      4.764      0.000
    Category 2         0.806      0.041     19.764      0.000
 CB28I
    Category 1         0.267      0.042      6.325      0.000
    Category 2         0.733      0.042     17.333      0.000
 CB28K
    Category 1         0.151      0.032      4.693      0.000
    Category 2         0.849      0.032     26.399      0.000
 CB28L
    Category 1         0.200      0.036      5.618      0.000
    Category 2         0.800      0.036     22.535      0.000

Latent Class 8

 CB28A
    Category 1         0.082      0.026      3.139      0.002
    Category 2         0.918      0.026     35.314      0.000
 CB28B
    Category 1         0.128      0.024      5.231      0.000
    Category 2         0.872      0.024     35.612      0.000
 CB28C
    Category 1         0.097      0.023      4.303      0.000
    Category 2         0.903      0.023     40.019      0.000
 CB28E
    Category 1         0.740      0.031     24.199      0.000
    Category 2         0.260      0.031      8.510      0.000
 CB28G
    Category 1         0.695      0.140      4.946      0.000
    Category 2         0.305      0.140      2.173      0.030
 CB28H
    Category 1         0.111      0.026      4.276      0.000
    Category 2         0.889      0.026     34.238      0.000
 CB28I
    Category 1         0.136      0.027      5.016      0.000
    Category 2         0.864      0.027     31.900      0.000
 CB28K
    Category 1         0.063      0.019      3.313      0.001
    Category 2         0.937      0.019     48.995      0.000
 CB28L
    Category 1         0.073      0.022      3.260      0.001
    Category 2         0.927      0.022     41.416      0.000


EQUALITY TESTS OF PROBABILITIES ACROSS THE LATENT CLASSES

                    Chi-Square     P-Value   Degrees of Freedom


CB28A
  Overall test        229.377      0.000        7
  Class 1 vs. 2        24.289      0.000        1
  Class 1 vs. 3         1.813      0.178        1
  Class 1 vs. 4         8.068      0.005        1
  Class 1 vs. 5        11.442      0.001        1
  Class 1 vs. 6         6.343      0.012        1
  Class 1 vs. 7        25.673      0.000        1
  Class 1 vs. 8         8.754      0.003        1
  Class 2 vs. 3        31.327      0.000        1
  Class 2 vs. 4         0.489      0.484        1
  Class 2 vs. 5        51.265      0.000        1
  Class 2 vs. 6         5.467      0.019        1
  Class 2 vs. 7         0.095      0.758        1
  Class 2 vs. 8        43.945      0.000        1
  Class 3 vs. 4        12.472      0.000        1
  Class 3 vs. 5         6.112      0.013        1
  Class 3 vs. 6        19.104      0.000        1
  Class 3 vs. 7        55.331      0.000        1
  Class 3 vs. 8         3.775      0.052        1
  Class 4 vs. 5        16.247      0.000        1
  Class 4 vs. 6         4.035      0.045        1
  Class 4 vs. 7         0.813      0.367        1
  Class 4 vs. 8        15.789      0.000        1
  Class 5 vs. 6        61.724      0.000        1
  Class 5 vs. 7        91.660      0.000        1
  Class 5 vs. 8         0.000      0.988        1
  Class 6 vs. 7         6.702      0.010        1
  Class 6 vs. 8        47.209      0.000        1
  Class 7 vs. 8        70.035      0.000        1

CB28B
  Overall test        232.645      0.000        7
  Class 1 vs. 2        24.221      0.000        1
  Class 1 vs. 3         5.346      0.021        1
  Class 1 vs. 4        12.105      0.001        1
  Class 1 vs. 5        13.079      0.000        1
  Class 1 vs. 6         5.414      0.020        1
  Class 1 vs. 7        21.480      0.000        1
  Class 1 vs. 8         4.167      0.041        1
  Class 2 vs. 3        27.255      0.000        1
  Class 2 vs. 4         1.627      0.202        1
  Class 2 vs. 5        47.473      0.000        1
  Class 2 vs. 6         5.525      0.019        1
  Class 2 vs. 7         0.296      0.587        1
  Class 2 vs. 8        34.338      0.000        1
  Class 3 vs. 4        34.669      0.000        1
  Class 3 vs. 5         0.000      0.983        1
  Class 3 vs. 6        17.157      0.000        1
  Class 3 vs. 7        39.595      0.000        1
  Class 3 vs. 8         2.044      0.153        1
  Class 4 vs. 5        60.778      0.000        1
  Class 4 vs. 6         2.052      0.152        1
  Class 4 vs. 7         1.297      0.255        1
  Class 4 vs. 8        46.255      0.000        1
  Class 5 vs. 6        63.280      0.000        1
  Class 5 vs. 7        93.204      0.000        1
  Class 5 vs. 8         7.005      0.008        1
  Class 6 vs. 7         6.268      0.012        1
  Class 6 vs. 8        29.463      0.000        1
  Class 7 vs. 8        83.426      0.000        1

CB28C
  Overall test        286.381      0.000        7
  Class 1 vs. 2         7.134      0.008        1
  Class 1 vs. 3        15.432      0.000        1
  Class 1 vs. 4         6.179      0.013        1
  Class 1 vs. 5        44.572      0.000        1
  Class 1 vs. 6         1.372      0.241        1
  Class 1 vs. 7        22.266      0.000        1
  Class 1 vs. 8        19.234      0.000        1
  Class 2 vs. 3        20.191      0.000        1
  Class 2 vs. 4         2.869      0.090        1
  Class 2 vs. 5        17.897      0.000        1
  Class 2 vs. 6         7.782      0.005        1
  Class 2 vs. 7         1.819      0.177        1
  Class 2 vs. 8        14.661      0.000        1
  Class 3 vs. 4        24.745      0.000        1
  Class 3 vs. 5         0.117      0.732        1
  Class 3 vs. 6         6.885      0.009        1
  Class 3 vs. 7        46.657      0.000        1
  Class 3 vs. 8         1.236      0.266        1
  Class 4 vs. 5        87.873      0.000        1
  Class 4 vs. 6        14.026      0.000        1
  Class 4 vs. 7         2.032      0.154        1
  Class 4 vs. 8        41.920      0.000        1
  Class 5 vs. 6        23.817      0.000        1
  Class 5 vs. 7       180.069      0.000        1
  Class 5 vs. 8         5.033      0.025        1
  Class 6 vs. 7        26.796      0.000        1
  Class 6 vs. 8         7.420      0.006        1
  Class 7 vs. 8       102.244      0.000        1

CB28E
  Overall test         91.595      0.000        7
  Class 1 vs. 2         2.648      0.104        1
  Class 1 vs. 3        35.430      0.000        1
  Class 1 vs. 4         7.770      0.005        1
  Class 1 vs. 5        15.666      0.000        1
  Class 1 vs. 6        11.323      0.001        1
  Class 1 vs. 7         0.284      0.594        1
  Class 1 vs. 8         0.055      0.814        1
  Class 2 vs. 3        18.466      0.000        1
  Class 2 vs. 4         9.639      0.002        1
  Class 2 vs. 5        16.688      0.000        1
  Class 2 vs. 6        11.057      0.001        1
  Class 2 vs. 7         1.984      0.159        1
  Class 2 vs. 8         3.206      0.073        1
  Class 3 vs. 4         7.316      0.007        1
  Class 3 vs. 5         0.263      0.608        1
  Class 3 vs. 6         5.414      0.020        1
  Class 3 vs. 7        35.602      0.000        1
  Class 3 vs. 8        31.504      0.000        1
  Class 4 vs. 5         5.728      0.017        1
  Class 4 vs. 6         0.259      0.611        1
  Class 4 vs. 7        26.005      0.000        1
  Class 4 vs. 8        17.666      0.000        1
  Class 5 vs. 6         5.472      0.019        1
  Class 5 vs. 7        22.319      0.000        1
  Class 5 vs. 8        18.066      0.000        1
  Class 6 vs. 7        29.991      0.000        1
  Class 6 vs. 8        25.894      0.000        1
  Class 7 vs. 8         1.737      0.188        1

CB28G
  Overall test    1823806.495      0.000        7
  Class 1 vs. 2       382.676      0.000        1
  Class 1 vs. 3        22.398      0.000        1
  Class 1 vs. 4         5.814      0.016        1
  Class 1 vs. 5       531.047      0.000        1
  Class 1 vs. 6       531.047      0.000        1
  Class 1 vs. 7         0.297      0.585        1
  Class 1 vs. 8         0.203      0.652        1
  Class 2 vs. 3       915.074      0.000        1
  Class 2 vs. 4       141.985      0.000        1
  Class 2 vs. 5  ************      0.000        1
  Class 2 vs. 6  ************      0.000        1
  Class 2 vs. 7      3643.433      0.000        1
  Class 2 vs. 8       458.281      0.000        1
  Class 3 vs. 4         0.042      0.838        1
  Class 3 vs. 5       491.907      0.000        1
  Class 3 vs. 6       491.907      0.000        1
  Class 3 vs. 7        23.797      0.000        1
  Class 3 vs. 8        13.466      0.000        1
  Class 4 vs. 5        69.936      0.000        1
  Class 4 vs. 6        69.936      0.000        1
  Class 4 vs. 7         5.310      0.021        1
  Class 4 vs. 8         4.493      0.034        1
  Class 5 vs. 6         0.000      1.000        1
  Class 5 vs. 7      4541.482      0.000        1
  Class 5 vs. 8       570.763      0.000        1
  Class 6 vs. 7      4541.482      0.000        1
  Class 6 vs. 8       570.763      0.000        1
  Class 7 vs. 8         0.000      0.996        1

CB28H
  Overall test        198.405      0.000        7
  Class 1 vs. 2         5.947      0.015        1
  Class 1 vs. 3         0.083      0.774        1
  Class 1 vs. 4         3.113      0.078        1
  Class 1 vs. 5        53.481      0.000        1
  Class 1 vs. 6         9.127      0.003        1
  Class 1 vs. 7        25.637      0.000        1
  Class 1 vs. 8        43.787      0.000        1
  Class 2 vs. 3         5.305      0.021        1
  Class 2 vs. 4         0.163      0.687        1
  Class 2 vs. 5        37.587      0.000        1
  Class 2 vs. 6        15.123      0.000        1
  Class 2 vs. 7        22.663      0.000        1
  Class 2 vs. 8        32.374      0.000        1
  Class 3 vs. 4         2.876      0.090        1
  Class 3 vs. 5        82.711      0.000        1
  Class 3 vs. 6         8.880      0.003        1
  Class 3 vs. 7        30.502      0.000        1
  Class 3 vs. 8        60.129      0.000        1
  Class 4 vs. 5        15.983      0.000        1
  Class 4 vs. 6         8.925      0.003        1
  Class 4 vs. 7         8.755      0.003        1
  Class 4 vs. 8        11.723      0.001        1
  Class 5 vs. 6        12.034      0.001        1
  Class 5 vs. 7        11.671      0.001        1
  Class 5 vs. 8         4.923      0.027        1
  Class 6 vs. 7         0.494      0.482        1
  Class 6 vs. 8         4.080      0.043        1
  Class 7 vs. 8         3.103      0.078        1

CB28I
  Overall test        260.558      0.000        7
  Class 1 vs. 2         8.943      0.003        1
  Class 1 vs. 3         0.770      0.380        1
  Class 1 vs. 4         4.223      0.040        1
  Class 1 vs. 5        43.572      0.000        1
  Class 1 vs. 6         4.318      0.038        1
  Class 1 vs. 7        16.339      0.000        1
  Class 1 vs. 8        34.153      0.000        1
  Class 2 vs. 3        18.487      0.000        1
  Class 2 vs. 4         0.140      0.708        1
  Class 2 vs. 5        74.842      0.000        1
  Class 2 vs. 6        23.058      0.000        1
  Class 2 vs. 7        46.142      0.000        1
  Class 2 vs. 8        67.046      0.000        1
  Class 3 vs. 4         9.141      0.002        1
  Class 3 vs. 5        86.801      0.000        1
  Class 3 vs. 6         1.973      0.160        1
  Class 3 vs. 7        21.887      0.000        1
  Class 3 vs. 8        57.096      0.000        1
  Class 4 vs. 5        43.480      0.000        1
  Class 4 vs. 6        16.746      0.000        1
  Class 4 vs. 7        24.302      0.000        1
  Class 4 vs. 8        39.343      0.000        1
  Class 5 vs. 6        26.214      0.000        1
  Class 5 vs. 7        11.888      0.001        1
  Class 5 vs. 8         0.277      0.599        1
  Class 6 vs. 7         3.471      0.062        1
  Class 6 vs. 8        16.476      0.000        1
  Class 7 vs. 8         7.054      0.008        1

CB28K
  Overall test        233.349      0.000        7
  Class 1 vs. 2         4.685      0.030        1
  Class 1 vs. 3         4.587      0.032        1
  Class 1 vs. 4         1.484      0.223        1
  Class 1 vs. 5        66.342      0.000        1
  Class 1 vs. 6        19.877      0.000        1
  Class 1 vs. 7        30.563      0.000        1
  Class 1 vs. 8        60.875      0.000        1
  Class 2 vs. 3        10.622      0.001        1
  Class 2 vs. 4         1.092      0.296        1
  Class 2 vs. 5        37.885      0.000        1
  Class 2 vs. 6        19.906      0.000        1
  Class 2 vs. 7        23.269      0.000        1
  Class 2 vs. 8        38.699      0.000        1
  Class 3 vs. 4         8.357      0.004        1
  Class 3 vs. 5        72.410      0.000        1
  Class 3 vs. 6         6.944      0.008        1
  Class 3 vs. 7        20.286      0.000        1
  Class 3 vs. 8        41.690      0.000        1
  Class 4 vs. 5        56.382      0.000        1
  Class 4 vs. 6        26.888      0.000        1
  Class 4 vs. 7        27.659      0.000        1
  Class 4 vs. 8        44.491      0.000        1
  Class 5 vs. 6        10.469      0.001        1
  Class 5 vs. 7        12.288      0.000        1
  Class 5 vs. 8         0.754      0.385        1
  Class 6 vs. 7         0.238      0.626        1
  Class 6 vs. 8         5.922      0.015        1
  Class 7 vs. 8         5.469      0.019        1

CB28L
  Overall test        245.607      0.000        7
  Class 1 vs. 2         7.516      0.006        1
  Class 1 vs. 3         0.874      0.350        1
  Class 1 vs. 4         3.516      0.061        1
  Class 1 vs. 5        53.587      0.000        1
  Class 1 vs. 6        11.884      0.001        1
  Class 1 vs. 7        26.151      0.000        1
  Class 1 vs. 8        58.362      0.000        1
  Class 2 vs. 3        12.177      0.000        1
  Class 2 vs. 4         0.131      0.717        1
  Class 2 vs. 5        62.979      0.000        1
  Class 2 vs. 6        25.036      0.000        1
  Class 2 vs. 7        43.058      0.000        1
  Class 2 vs. 8        66.606      0.000        1
  Class 3 vs. 4         6.179      0.013        1
  Class 3 vs. 5        61.492      0.000        1
  Class 3 vs. 6         6.407      0.011        1
  Class 3 vs. 7        26.027      0.000        1
  Class 3 vs. 8        48.291      0.000        1
  Class 4 vs. 5        46.404      0.000        1
  Class 4 vs. 6        23.210      0.000        1
  Class 4 vs. 7        25.591      0.000        1
  Class 4 vs. 8        42.317      0.000        1
  Class 5 vs. 6        19.956      0.000        1
  Class 5 vs. 7        14.423      0.000        1
  Class 5 vs. 8         2.035      0.154        1
  Class 6 vs. 7         1.735      0.188        1
  Class 6 vs. 8        13.950      0.000        1
  Class 7 vs. 8         8.423      0.004        1


LATENT CLASS INDICATOR ODDS RATIOS FOR THE LATENT CLASSES

                                                95% C.I.
                    Estimate       S.E.  Lower 2.5% Upper 2.5%

Latent Class 1 Compared to Latent Class 2

 CB28A
    Category > 1      21.520     13.401      6.350     72.932
 CB28B
    Category > 1      33.579     23.975      8.285    136.087
 CB28C
    Category > 1      29.409     37.231      2.460    351.643
 CB28E
    Category > 1       5.909      6.450      0.695     50.202
 CB28G
    Category > 1   *********      0.000  *********  *********
 CB28H
    Category > 1       8.002      6.823      1.504     42.565
 CB28I
    Category > 1       7.354      4.907      1.989     27.196
 CB28K
    Category > 1       6.958      6.236      1.201     40.304
 CB28L
    Category > 1       5.866      3.785      1.656     20.778

Latent Class 1 Compared to Latent Class 3

 CB28A
    Category > 1       0.479      0.262      0.164      1.398
 CB28B
    Category > 1       0.104      0.102      0.015      0.709
 CB28C
    Category > 1       0.106      0.060      0.034      0.324
 CB28E
    Category > 1       0.044      0.023      0.016      0.123
 CB28G
    Category > 1       0.029      0.022      0.007      0.126
 CB28H
    Category > 1       1.128      0.474      0.495      2.572
 CB28I
    Category > 1       0.642      0.324      0.239      1.727
 CB28K
    Category > 1       0.383      0.172      0.159      0.922
 CB28L
    Category > 1       0.630      0.311      0.239      1.660

Latent Class 1 Compared to Latent Class 4

 CB28A
    Category > 1      66.385     98.054      3.671   1200.493
 CB28B
    Category > 1      10.772      7.359      2.823     41.101
 CB28C
    Category > 1       2.870      1.218      1.250      6.592
 CB28E
    Category > 1       0.210      0.118      0.070      0.629
 CB28G
    Category > 1       0.021      0.034      0.001      0.486
 CB28H
    Category > 1      15.724     24.553      0.737    335.547
 CB28I
    Category > 1       5.304      4.306      1.080     26.039
 CB28K
    Category > 1       2.277      1.538      0.606      8.556
 CB28L
    Category > 1       4.210      3.228      0.937     18.919

Latent Class 1 Compared to Latent Class 5

 CB28A
    Category > 1       0.198      0.095      0.077      0.506
 CB28B
    Category > 1       0.103      0.065      0.030      0.352
 CB28C
    Category > 1       0.086      0.032      0.042      0.176
 CB28E
    Category > 1       0.028      0.026      0.005      0.166
 CB28G
    Category > 1       0.000      0.000      0.000      0.000
 CB28H
    Category > 1       0.027      0.013      0.010      0.070
 CB28I
    Category > 1       0.058      0.025      0.025      0.135
 CB28K
    Category > 1       0.022      0.010      0.009      0.055
 CB28L
    Category > 1       0.014      0.008      0.005      0.045

Latent Class 1 Compared to Latent Class 6

 CB28A
    Category > 1       3.901      2.109      1.352     11.253
 CB28B
    Category > 1       4.448      2.853      1.265     15.635
 CB28C
    Category > 1       0.600      0.262      0.255      1.411
 CB28E
    Category > 1       0.169      0.089      0.060      0.476
 CB28G
    Category > 1       0.000      0.000      0.000      0.000
 CB28H
    Category > 1       0.220      0.110      0.082      0.588
 CB28I
    Category > 1       0.355      0.177      0.134      0.943
 CB28K
    Category > 1       0.109      0.054      0.041      0.288
 CB28L
    Category > 1       0.193      0.092      0.076      0.492

Latent Class 1 Compared to Latent Class 7

 CB28A
    Category > 1      17.327      9.753      5.748     52.225
 CB28B
    Category > 1      21.045     13.835      5.802     76.335
 CB28C
    Category > 1       4.905      1.653      2.534      9.494
 CB28E
    Category > 1       1.322      0.693      0.473      3.694
 CB28G
    Category > 1       0.670      0.492      0.159      2.826
 CB28H
    Category > 1       0.148      0.056      0.071      0.310
 CB28I
    Category > 1       0.157      0.072      0.064      0.386
 CB28K
    Category > 1       0.085      0.038      0.036      0.204
 CB28L
    Category > 1       0.108      0.047      0.046      0.254

Latent Class 1 Compared to Latent Class 8

 CB28A
    Category > 1       0.196      0.108      0.067      0.577
 CB28B
    Category > 1       0.329      0.179      0.113      0.957
 CB28C
    Category > 1       0.198      0.073      0.096      0.408
 CB28E
    Category > 1       0.899      0.407      0.370      2.182
 CB28G
    Category > 1       0.668      0.598      0.115      3.862
 CB28H
    Category > 1       0.077      0.030      0.036      0.164
 CB28I
    Category > 1       0.068      0.031      0.027      0.167
 CB28K
    Category > 1       0.032      0.014      0.014      0.077
 CB28L
    Category > 1       0.034      0.015      0.014      0.081

Latent Class 2 Compared to Latent Class 3

 CB28A
    Category > 1       0.022      0.015      0.006      0.084
 CB28B
    Category > 1       0.003      0.003      0.000      0.027
 CB28C
    Category > 1       0.004      0.005      0.000      0.042
 CB28E
    Category > 1       0.007      0.008      0.001      0.069
 CB28G
    Category > 1       0.000      0.000      0.000      0.000
 CB28H
    Category > 1       0.141      0.120      0.027      0.747
 CB28I
    Category > 1       0.087      0.050      0.029      0.265
 CB28K
    Category > 1       0.055      0.049      0.010      0.315
 CB28L
    Category > 1       0.107      0.069      0.031      0.376

Latent Class 2 Compared to Latent Class 4

 CB28A
    Category > 1       3.085      4.968      0.131     72.448
 CB28B
    Category > 1       0.321      0.286      0.056      1.841
 CB28C
    Category > 1       0.098      0.134      0.007      1.442
 CB28E
    Category > 1       0.036      0.038      0.004      0.292
 CB28G
    Category > 1       0.000      0.000      0.000      0.000
 CB28H
    Category > 1       1.965      3.290      0.074     52.295
 CB28I
    Category > 1       0.721      0.629      0.130      3.987
 CB28K
    Category > 1       0.327      0.350      0.040      2.659
 CB28L
    Category > 1       0.718      0.657      0.119      4.318

Latent Class 2 Compared to Latent Class 5

 CB28A
    Category > 1       0.009      0.006      0.003      0.033
 CB28B
    Category > 1       0.003      0.003      0.001      0.016
 CB28C
    Category > 1       0.003      0.004      0.000      0.044
 CB28E
    Category > 1       0.005      0.006      0.000      0.062
 CB28G
    Category > 1       0.000      0.000      0.000      0.000
 CB28H
    Category > 1       0.003      0.003      0.001      0.021
 CB28I
    Category > 1       0.008      0.004      0.003      0.024
 CB28K
    Category > 1       0.003      0.003      0.000      0.020
 CB28L
    Category > 1       0.002      0.002      0.001      0.011

Latent Class 2 Compared to Latent Class 6

 CB28A
    Category > 1       0.181      0.132      0.043      0.759
 CB28B
    Category > 1       0.132      0.114      0.025      0.715
 CB28C
    Category > 1       0.020      0.028      0.001      0.314
 CB28E
    Category > 1       0.029      0.031      0.004      0.232
 CB28G
    Category > 1       0.000      0.000      0.000      0.000
 CB28H
    Category > 1       0.028      0.025      0.004      0.168
 CB28I
    Category > 1       0.048      0.030      0.014      0.166
 CB28K
    Category > 1       0.016      0.015      0.003      0.097
 CB28L
    Category > 1       0.033      0.022      0.009      0.125

Latent Class 2 Compared to Latent Class 7

 CB28A
    Category > 1       0.805      0.566      0.203      3.192
 CB28B
    Category > 1       0.627      0.539      0.116      3.378
 CB28C
    Category > 1       0.167      0.221      0.012      2.251
 CB28E
    Category > 1       0.224      0.238      0.028      1.797
 CB28G
    Category > 1       0.000      0.000      0.000      0.000
 CB28H
    Category > 1       0.019      0.016      0.004      0.096
 CB28I
    Category > 1       0.021      0.012      0.007      0.065
 CB28K
    Category > 1       0.012      0.011      0.002      0.073
 CB28L
    Category > 1       0.018      0.011      0.006      0.061

Latent Class 2 Compared to Latent Class 8

 CB28A
    Category > 1       0.009      0.006      0.002      0.037
 CB28B
    Category > 1       0.010      0.008      0.002      0.046
 CB28C
    Category > 1       0.007      0.009      0.001      0.087
 CB28E
    Category > 1       0.152      0.160      0.019      1.195
 CB28G
    Category > 1       0.000      0.000      0.000      0.000
 CB28H
    Category > 1       0.010      0.008      0.002      0.048
 CB28I
    Category > 1       0.009      0.005      0.003      0.028
 CB28K
    Category > 1       0.005      0.004      0.001      0.025
 CB28L
    Category > 1       0.006      0.004      0.002      0.020

Latent Class 3 Compared to Latent Class 4

 CB28A
    Category > 1     138.456    193.300      8.973   2136.513
 CB28B
    Category > 1     103.166     81.234     22.043    482.829
 CB28C
    Category > 1      27.145     18.014      7.393     99.674
 CB28E
    Category > 1       4.782      2.767      1.539     14.864
 CB28G
    Category > 1       0.727      1.134      0.034     15.470
 CB28H
    Category > 1      13.934     21.643      0.664    292.590
 CB28I
    Category > 1       8.261      5.770      2.102     32.475
 CB28K
    Category > 1       5.945      3.666      1.775     19.910
 CB28L
    Category > 1       6.686      5.110      1.495     29.908

Latent Class 3 Compared to Latent Class 5

 CB28A
    Category > 1       0.412      0.148      0.204      0.832
 CB28B
    Category > 1       0.982      0.850      0.180      5.357
 CB28C
    Category > 1       0.810      0.497      0.244      2.696
 CB28E
    Category > 1       0.649      0.547      0.124      3.389
 CB28G
    Category > 1       0.000      0.000      0.000      0.000
 CB28H
    Category > 1       0.024      0.010      0.011      0.053
 CB28I
    Category > 1       0.090      0.023      0.055      0.150
 CB28K
    Category > 1       0.057      0.019      0.029      0.110
 CB28L
    Category > 1       0.023      0.011      0.009      0.059

Latent Class 3 Compared to Latent Class 6

 CB28A
    Category > 1       8.136      3.902      3.178     20.831
 CB28B
    Category > 1      42.596     38.581      7.217    251.397
 CB28C
    Category > 1       5.671      3.751      1.551     20.731
 CB28E
    Category > 1       3.843      2.223      1.236     11.942
 CB28G
    Category > 1       0.000      0.000      0.000      0.000
 CB28H
    Category > 1       0.195      0.107      0.067      0.571
 CB28I
    Category > 1       0.553      0.233      0.242      1.264
 CB28K
    Category > 1       0.284      0.136      0.111      0.724
 CB28L
    Category > 1       0.307      0.143      0.123      0.766

Latent Class 3 Compared to Latent Class 7

 CB28A
    Category > 1      36.137     17.428     14.042     92.997
 CB28B
    Category > 1     201.548    169.953     38.601   1052.344
 CB28C
    Category > 1      46.382     26.054     15.424    139.477
 CB28E
    Category > 1      30.131     17.198      9.844     92.226
 CB28G
    Category > 1      22.979     14.765      6.522     80.963
 CB28H
    Category > 1       0.131      0.048      0.064      0.270
 CB28I
    Category > 1       0.245      0.074      0.136      0.441
 CB28K
    Category > 1       0.222      0.074      0.116      0.428
 CB28L
    Category > 1       0.172      0.059      0.087      0.338

Latent Class 3 Compared to Latent Class 8

 CB28A
    Category > 1       0.409      0.188      0.166      1.008
 CB28B
    Category > 1       3.153      2.532      0.653     15.220
 CB28C
    Category > 1       1.871      1.054      0.620      5.643
 CB28E
    Category > 1      20.489     11.024      7.137     58.816
 CB28G
    Category > 1      22.907     19.548      4.301    122.001
 CB28H
    Category > 1       0.068      0.024      0.035      0.134
 CB28I
    Category > 1       0.105      0.031      0.059      0.189
 CB28K
    Category > 1       0.085      0.032      0.040      0.179
 CB28L
    Category > 1       0.054      0.023      0.024      0.123

Latent Class 4 Compared to Latent Class 5

 CB28A
    Category > 1       0.003      0.004      0.000      0.050
 CB28B
    Category > 1       0.010      0.006      0.003      0.031
 CB28C
    Category > 1       0.030      0.011      0.014      0.062
 CB28E
    Category > 1       0.136      0.113      0.026      0.696
 CB28G
    Category > 1       0.000      0.000      0.000      0.000
 CB28H
    Category > 1       0.002      0.003      0.000      0.039
 CB28I
    Category > 1       0.011      0.007      0.003      0.042
 CB28K
    Category > 1       0.010      0.006      0.003      0.032
 CB28L
    Category > 1       0.003      0.003      0.001      0.018

Latent Class 4 Compared to Latent Class 6

 CB28A
    Category > 1       0.059      0.083      0.004      0.934
 CB28B
    Category > 1       0.413      0.255      0.123      1.385
 CB28C
    Category > 1       0.209      0.087      0.092      0.474
 CB28E
    Category > 1       0.804      0.345      0.346      1.866
 CB28G
    Category > 1       0.000      0.000      0.000      0.000
 CB28H
    Category > 1       0.014      0.020      0.001      0.230
 CB28I
    Category > 1       0.067      0.044      0.018      0.244
 CB28K
    Category > 1       0.048      0.028      0.015      0.151
 CB28L
    Category > 1       0.046      0.029      0.013      0.161

Latent Class 4 Compared to Latent Class 7

 CB28A
    Category > 1       0.261      0.389      0.014      4.834
 CB28B
    Category > 1       1.954      1.149      0.617      6.185
 CB28C
    Category > 1       1.709      0.642      0.818      3.569
 CB28E
    Category > 1       6.301      2.274      3.106     12.783
 CB28G
    Category > 1      31.612     47.378      1.675    596.491
 CB28H
    Category > 1       0.009      0.015      0.000      0.207
 CB28I
    Category > 1       0.030      0.021      0.007      0.120
 CB28K
    Category > 1       0.037      0.023      0.011      0.127
 CB28L
    Category > 1       0.026      0.019      0.006      0.106

Latent Class 4 Compared to Latent Class 8

 CB28A
    Category > 1       0.003      0.004      0.000      0.052
 CB28B
    Category > 1       0.031      0.016      0.011      0.084
 CB28C
    Category > 1       0.069      0.028      0.031      0.155
 CB28E
    Category > 1       4.284      1.483      2.174      8.444
 CB28G
    Category > 1      31.513     51.299      1.297    765.852
 CB28H
    Category > 1       0.005      0.008      0.000      0.103
 CB28I
    Category > 1       0.013      0.009      0.003      0.050
 CB28K
    Category > 1       0.014      0.009      0.004      0.050
 CB28L
    Category > 1       0.008      0.006      0.002      0.035

Latent Class 5 Compared to Latent Class 6

 CB28A
    Category > 1      19.749      7.499      9.383     41.567
 CB28B
    Category > 1      43.390     20.565     17.138    109.855
 CB28C
    Category > 1       6.997      2.789      3.203     15.285
 CB28E
    Category > 1       5.924      4.505      1.334     26.301
 CB28G
    Category > 1       1.000      0.000      1.000      1.000
 CB28H
    Category > 1       8.257      5.025      2.505     27.215
 CB28I
    Category > 1       6.115      2.162      3.057     12.229
 CB28K
    Category > 1       5.005      2.491      1.887     13.277
 CB28L
    Category > 1      13.347      7.742      4.282     41.606

Latent Class 5 Compared to Latent Class 7

 CB28A
    Category > 1      87.713     40.990     35.097    219.208
 CB28B
    Category > 1     205.306    113.230     69.653    605.152
 CB28C
    Category > 1      57.228     17.259     31.688    103.354
 CB28E
    Category > 1      46.452     37.741      9.449    228.353
 CB28G
    Category > 1   *********      0.000  *********  *********
 CB28H
    Category > 1       5.565      2.796      2.079     14.898
 CB28I
    Category > 1       2.707      0.782      1.537      4.767
 CB28K
    Category > 1       3.919      1.527      1.826      8.412
 CB28L
    Category > 1       7.467      3.953      2.646     21.075

Latent Class 5 Compared to Latent Class 8

 CB28A
    Category > 1       0.994      0.434      0.422      2.339
 CB28B
    Category > 1       3.212      1.416      1.354      7.620
 CB28C
    Category > 1       2.308      0.860      1.111      4.793
 CB28E
    Category > 1      31.587     25.659      6.427    155.231
 CB28G
    Category > 1   *********      0.000  *********  *********
 CB28H
    Category > 1       2.884      1.377      1.131      7.350
 CB28I
    Category > 1       1.166      0.341      0.657      2.070
 CB28K
    Category > 1       1.491      0.686      0.605      3.673
 CB28L
    Category > 1       2.358      1.418      0.726      7.661

Latent Class 6 Compared to Latent Class 7

 CB28A
    Category > 1       4.441      2.558      1.436     13.732
 CB28B
    Category > 1       4.732      2.938      1.401     15.976
 CB28C
    Category > 1       8.179      3.320      3.691     18.124
 CB28E
    Category > 1       7.841      2.949      3.752     16.387
 CB28G
    Category > 1   *********      0.000  *********  *********
 CB28H
    Category > 1       0.674      0.378      0.224      2.026
 CB28I
    Category > 1       0.443      0.194      0.188      1.043
 CB28K
    Category > 1       0.783      0.392      0.293      2.091
 CB28L
    Category > 1       0.559      0.247      0.236      1.328

Latent Class 6 Compared to Latent Class 8

 CB28A
    Category > 1       0.050      0.022      0.021      0.118
 CB28B
    Category > 1       0.074      0.036      0.029      0.189
 CB28C
    Category > 1       0.330      0.134      0.148      0.733
 CB28E
    Category > 1       5.332      1.754      2.798     10.160
 CB28G
    Category > 1   *********      0.000  *********  *********
 CB28H
    Category > 1       0.349      0.182      0.126      0.969
 CB28I
    Category > 1       0.191      0.078      0.086      0.425
 CB28K
    Category > 1       0.298      0.148      0.112      0.790
 CB28L
    Category > 1       0.177      0.082      0.071      0.439

Latent Class 7 Compared to Latent Class 8

 CB28A
    Category > 1       0.011      0.006      0.004      0.032
 CB28B
    Category > 1       0.016      0.007      0.006      0.038
 CB28C
    Category > 1       0.040      0.013      0.022      0.075
 CB28E
    Category > 1       0.680      0.199      0.383      1.207
 CB28G
    Category > 1       0.997      0.680      0.262      3.798
 CB28H
    Category > 1       0.518      0.193      0.249      1.077
 CB28I
    Category > 1       0.431      0.137      0.232      0.802
 CB28K
    Category > 1       0.380      0.157      0.169      0.855
 CB28L
    Category > 1       0.316      0.125      0.145      0.688


RESIDUAL OUTPUT


     RESIDUAL OUTPUT IS NOT AVAILABLE FOR THIS MODEL.  ADDITIONAL OUTPUT FOR
     CATEGORICAL, COUNT, AND NOMINAL VARIABLES MAY BE AVAILABLE USING TECH10.


TECHNICAL 11 OUTPUT

     Random Starts Specifications for the k-1 Class Analysis Model
        Number of initial stage random starts                 500
        Number of final stage optimizations                   100



     VUONG-LO-MENDELL-RUBIN LIKELIHOOD RATIO TEST FOR 7 (H0) VERSUS 8 CLASSES

          H0 Loglikelihood Value                       -12455.105
          2 Times the Loglikelihood Difference             69.564
          Difference in the Number of Parameters               10
          Mean                                             -1.145
          Standard Deviation                               24.298
          P-Value                                          0.0019

     LO-MENDELL-RUBIN ADJUSTED LRT TEST

          Value                                            68.693
          P-Value                                          0.0021


TECHNICAL 14 OUTPUT

     Random Starts Specifications for the k-1 Class Analysis Model
        Number of initial stage random starts                 500
        Number of final stage optimizations                   100

     Random Starts Specification for the k-1 Class Model for Generated Data
        Number of initial stage random starts                   0
        Number of final stage optimizations for the
           initial stage random starts                          0
     Random Starts Specification for the k Class Model for Generated Data
        Number of initial stage random starts                  40
        Number of final stage optimizations                     8
     Number of bootstrap draws requested                   Varies


     PARAMETRIC BOOTSTRAPPED LIKELIHOOD RATIO TEST FOR 7 (H0) VERSUS 8 CLASSES

          H0 Loglikelihood Value                       -12455.105
          2 Times the Loglikelihood Difference             69.564
          Difference in the Number of Parameters               10
          Approximate P-Value                              0.0000
          Successful Bootstrap Draws                            5

     WARNING:  OF THE 5 BOOTSTRAP DRAWS, 4 DRAWS HAD BOTH A SMALLER LRT VALUE THAN THE
     OBSERVED LRT VALUE AND NOT A REPLICATED BEST LOGLIKELIHOOD VALUE FOR THE 8-CLASS MODEL.
     THIS MEANS THAT THE P-VALUE MAY NOT BE TRUSTWORTHY DUE TO LOCAL MAXIMA.
     INCREASE THE NUMBER OF RANDOM STARTS USING THE LRTSTARTS OPTION.



     Beginning Time:  11:09:38
        Ending Time:  11:10:05
       Elapsed Time:  00:00:27



MUTHEN & MUTHEN
3463 Stoner Ave.
Los Angeles, CA  90066

Tel: (310) 391-9971
Fax: (310) 391-8971
Web: www.StatModel.com
Support: Support@StatModel.com

Copyright (c) 1998-2025 Muthen & Muthen
